

Working Directory = /home/min/a/aaqdas/Documents/aes_build/aes-128_pipelined_encryption/cadence/synthesis
QoS Summary for Top_PipelinedMultiCipher
================================================================================
Metric                          generic         map             final          
================================================================================
Slack (ps):                   -66,841         -66,842         -67,042
  R2R (ps):                   -66,841         -66,842         -67,042
  I2R (ps):                  no_value        no_value        no_value
  R2O (ps):                  no_value        no_value        no_value
  I2O (ps):                  no_value        no_value        no_value
  CG  (ps):                  no_value        no_value        no_value
TNS (ps):                -705,838,848    -705,737,509    -707,114,352
  R2R (ps):                  no_value        no_value        no_value
  I2R (ps):                  no_value        no_value        no_value
  R2O (ps):                  no_value        no_value        no_value
  I2O (ps):                  no_value        no_value        no_value
  CG  (ps):                  no_value        no_value        no_value
Failing Paths:                 10,560          10,560          10,560
Cell Area:                    328,869         373,592         372,212
Total Cell Area:              328,869         373,592         372,212
Leaf Instances:               232,905         223,590         242,330
Total Instances:              232,905         223,590         242,330
Utilization (%):                 0.00            0.00            0.00
Tot. Net Length (um):        no_value        no_value        no_value
Avg. Net Length (um):        no_value        no_value        no_value
Route Overflow H (%):        no_value        no_value        no_value
Route Overflow V (%):        no_value        no_value        no_value
MBCI(%) (bits/gate) :            0.00            0.00            0.00
Norm Cong Hotspot Area:
  Max Cong:                  no_value        no_value        no_value
  Tot Cong:                  no_value        no_value        no_value
================================================================================
CPU  Runtime (h:m:s):        00:17:54        00:23:01        00:24:17
Real Runtime (h:m:s):        00:14:35        00:11:56        00:14:27
CPU  Elapsed (h:m:s):        00:18:17        00:41:15        01:05:36
Real Elapsed (h:m:s):        00:14:45        00:26:40        00:41:10
Memory (MB):                  2680.06         3447.37         3440.63
================================================================================
================================================================================
Flow Settings:
================================================================================
Total Runtime (h:m:s): 00:41:35
Total Memory (MB):     3448.64
Executable Version:    21.17-s066_1
================================================================================
Total Cell Area =  Cell Area + Physical Cell Area
Total Instances =  Leaf Instances + Physical Instances


