============================================================
  Generated by:           Genus(TM) Synthesis Solution 21.17-s066_1
  Generated on:           Jul 30 2025  03:10:45 pm
  Module:                 Top_PipelinedMultiCipher
  Technology libraries:   asap7sc7p5t_AO_LVT_TT_nldm_211120 1.0
                          asap7sc7p5t_INVBUF_LVT_TT_nldm_211120 1.0
                          asap7sc7p5t_OA_LVT_TT_nldm_211120 1.0
                          asap7sc7p5t_SEQ_LVT_TT_nldm_220123 1.0
                          asap7sc7p5t_SIMPLE_LVT_TT_nldm_211120 1.0
                          srambank_64x4x16_6t122 1.0
                          physical_cells 
  Operating conditions:   PVT_0P7V_25C 
  Interconnect mode:      global
  Area mode:              physical library
============================================================

                                                  Leakage   
          Gate            Instances     Area     Power (nW)                  Library                 
-----------------------------------------------------------------------------------------------------
AND2x2_ASAP7_75t_L             1589     139.006    2507.093    asap7sc7p5t_SIMPLE_LVT_TT_nldm_211120 
AND2x4_ASAP7_75t_L              507      73.921    1580.453    asap7sc7p5t_SIMPLE_LVT_TT_nldm_211120 
AND2x6_ASAP7_75t_L                2       0.350       7.800    asap7sc7p5t_SIMPLE_LVT_TT_nldm_211120 
AOI21x1_ASAP7_75t_L               6       0.700       8.318    asap7sc7p5t_AO_LVT_TT_nldm_211120     
AOI21xp33_ASAP7_75t_L           237      17.277     121.709    asap7sc7p5t_AO_LVT_TT_nldm_211120     
AOI21xp5_ASAP7_75t_L           1035      75.452     697.472    asap7sc7p5t_AO_LVT_TT_nldm_211120     
AOI22x1_ASAP7_75t_L              49       7.144      81.863    asap7sc7p5t_AO_LVT_TT_nldm_211120     
AOI22xp33_ASAP7_75t_L            58       5.074      32.106    asap7sc7p5t_AO_LVT_TT_nldm_211120     
AOI22xp5_ASAP7_75t_L          47709    4173.583   39573.937    asap7sc7p5t_AO_LVT_TT_nldm_211120     
BUFx10_ASAP7_75t_L                3       0.612      17.973    asap7sc7p5t_INVBUF_LVT_TT_nldm_211120 
BUFx12f_ASAP7_75t_L            9738    2555.641   78387.746    asap7sc7p5t_INVBUF_LVT_TT_nldm_211120 
BUFx16f_ASAP7_75t_L              27       8.661     273.239    asap7sc7p5t_INVBUF_LVT_TT_nldm_211120 
BUFx2_ASAP7_75t_L              9202     670.826   12356.757    asap7sc7p5t_INVBUF_LVT_TT_nldm_211120 
BUFx3_ASAP7_75t_L               398      34.817     801.079    asap7sc7p5t_INVBUF_LVT_TT_nldm_211120 
BUFx4f_ASAP7_75t_L              839      97.861    2251.219    asap7sc7p5t_INVBUF_LVT_TT_nldm_211120 
BUFx6f_ASAP7_75t_L             2816     410.573   11331.441    asap7sc7p5t_INVBUF_LVT_TT_nldm_211120 
CKINVDCx14_ASAP7_75t_L         3563    1454.559   25147.405    asap7sc7p5t_INVBUF_LVT_TT_nldm_211120 
CKINVDCx16_ASAP7_75t_L         1303     569.932   10507.529    asap7sc7p5t_INVBUF_LVT_TT_nldm_211120 
CKINVDCx5p33_ASAP7_75t_L         58      18.604     156.476    asap7sc7p5t_INVBUF_LVT_TT_nldm_211120 
DFFASRHQNx1_ASAP7_75t_L       59352   22499.156  173615.418    asap7sc7p5t_SEQ_LVT_TT_nldm_220123    
FAx1_ASAP7_75t_L               4029     822.399    8152.364    asap7sc7p5t_SIMPLE_LVT_TT_nldm_211120 
HB1xp67_ASAP7_75t_L            7584     442.299    3824.846    asap7sc7p5t_INVBUF_LVT_TT_nldm_211120 
INVx11_ASAP7_75t_L                9       1.706      49.615    asap7sc7p5t_INVBUF_LVT_TT_nldm_211120 
INVx13_ASAP7_75t_L              773     169.055    5055.501    asap7sc7p5t_INVBUF_LVT_TT_nldm_211120 
INVx1_ASAP7_75t_L             10391     454.502    5231.968    asap7sc7p5t_INVBUF_LVT_TT_nldm_211120 
INVx2_ASAP7_75t_L              9944     579.934   10005.644    asap7sc7p5t_INVBUF_LVT_TT_nldm_211120 
INVx3_ASAP7_75t_L              1494     108.913    2254.515    asap7sc7p5t_INVBUF_LVT_TT_nldm_211120 
INVx4_ASAP7_75t_L             11628    1017.217   23403.674    asap7sc7p5t_INVBUF_LVT_TT_nldm_211120 
INVx5_ASAP7_75t_L                11       1.123      27.756    asap7sc7p5t_INVBUF_LVT_TT_nldm_211120 
INVx6_ASAP7_75t_L              3494     407.540   10546.535    asap7sc7p5t_INVBUF_LVT_TT_nldm_211120 
INVx8_ASAP7_75t_L                37       5.395     148.775    asap7sc7p5t_INVBUF_LVT_TT_nldm_211120 
INVxp33_ASAP7_75t_L              71       3.106      11.959    asap7sc7p5t_INVBUF_LVT_TT_nldm_211120 
INVxp67_ASAP7_75t_L              40       1.750      13.416    asap7sc7p5t_INVBUF_LVT_TT_nldm_211120 
NAND2x1_ASAP7_75t_L             179      15.659     158.001    asap7sc7p5t_SIMPLE_LVT_TT_nldm_211120 
NAND2x1p5_ASAP7_75t_L          2418     282.036    3235.710    asap7sc7p5t_SIMPLE_LVT_TT_nldm_211120 
NAND2x2_ASAP7_75t_L            2336     340.589    3963.941    asap7sc7p5t_SIMPLE_LVT_TT_nldm_211120 
NAND2xp33_ASAP7_75t_L             9       0.525       2.467    asap7sc7p5t_SIMPLE_LVT_TT_nldm_211120 
NAND2xp5_ASAP7_75t_L            165       9.623      73.477    asap7sc7p5t_SIMPLE_LVT_TT_nldm_211120 
NAND2xp67_ASAP7_75t_L           422      36.917     231.359    asap7sc7p5t_SIMPLE_LVT_TT_nldm_211120 
NOR2x1_ASAP7_75t_L                7       0.612       5.915    asap7sc7p5t_SIMPLE_LVT_TT_nldm_211120 
NOR2x1p5_ASAP7_75t_L              4       0.467       5.287    asap7sc7p5t_SIMPLE_LVT_TT_nldm_211120 
NOR2xp33_ASAP7_75t_L            977      56.979     273.862    asap7sc7p5t_SIMPLE_LVT_TT_nldm_211120 
NOR2xp67_ASAP7_75t_L              1       0.087       0.563    asap7sc7p5t_SIMPLE_LVT_TT_nldm_211120 
OA21x2_ASAP7_75t_L             1309     133.597    2359.573    asap7sc7p5t_OA_LVT_TT_nldm_211120     
OAI21x1_ASAP7_75t_L               2       0.233       3.253    asap7sc7p5t_OA_LVT_TT_nldm_211120     
OAI21xp5_ASAP7_75t_L           1231      89.740    1012.766    asap7sc7p5t_OA_LVT_TT_nldm_211120     
OAI22x1_ASAP7_75t_L             191      27.848     315.946    asap7sc7p5t_OA_LVT_TT_nldm_211120     
OAI22xp5_ASAP7_75t_L           3852     336.973    3187.348    asap7sc7p5t_OA_LVT_TT_nldm_211120     
OR2x2_ASAP7_75t_L              1247     109.088    1806.143    asap7sc7p5t_SIMPLE_LVT_TT_nldm_211120 
XNOR2xp5_ASAP7_75t_L           3409     447.329    4525.861    asap7sc7p5t_SIMPLE_LVT_TT_nldm_211120 
XOR2xp5_ASAP7_75t_L           35255    4626.161   46480.487    asap7sc7p5t_SIMPLE_LVT_TT_nldm_211120 
srambank_64x4x16_6t122         1320  328868.813       0.000    srambank_64x4x16_6t122                
-----------------------------------------------------------------------------------------------------
total                        242330  372211.960  495825.565                                          


                                                                         Leakage  Leakage 
               Library                Instances Instances %    Area    Power (nW) Power % 
------------------------------------------------------------------------------------------
asap7sc7p5t_AO_LVT_TT_nldm_211120         49094        20.3   4279.230  40515.406     8.2 
asap7sc7p5t_INVBUF_LVT_TT_nldm_211120     73423        30.3   9014.624 201805.070    40.7 
asap7sc7p5t_OA_LVT_TT_nldm_211120          6585         2.7    588.390   6878.887     1.4 
asap7sc7p5t_SEQ_LVT_TT_nldm_220123        59352        24.5  22499.156 173615.418    35.0 
asap7sc7p5t_SIMPLE_LVT_TT_nldm_211120     52556        21.7   6961.746  73010.785    14.7 
srambank_64x4x16_6t122                     1320         0.5 328868.813      0.000     0.0 

                                             Leakage  Leakage 
     Type      Instances    Area    Area % Power (nW) Power % 
--------------------------------------------------------------
timing_model        1320 328868.813   88.4      0.000     0.0 
sequential         59352  22499.156    6.0 173615.418    35.0 
inverter           42816   4793.335    1.3  92560.768    18.7 
buffer             30607   4221.289    1.1 109244.302    22.0 
logic             108235  11829.366    3.2 120405.078    24.3 
physical_cells         0      0.000    0.0      0.000     0.0 
--------------------------------------------------------------
total             242330 372211.960  100.0 495825.565   100.0 

