============================================================
  Generated by:           Genus(TM) Synthesis Solution 21.17-s066_1
  Generated on:           Jul 30 2025  03:10:19 pm
  Module:                 Top_PipelinedMultiCipher
  Technology libraries:   asap7sc7p5t_AO_LVT_TT_nldm_211120 1.0
                          asap7sc7p5t_INVBUF_LVT_TT_nldm_211120 1.0
                          asap7sc7p5t_OA_LVT_TT_nldm_211120 1.0
                          asap7sc7p5t_SEQ_LVT_TT_nldm_220123 1.0
                          asap7sc7p5t_SIMPLE_LVT_TT_nldm_211120 1.0
                          srambank_64x4x16_6t122 1.0
                          physical_cells 
  Operating conditions:   PVT_0P7V_25C 
  Interconnect mode:      global
  Area mode:              physical library
============================================================

Timing
--------

Clock Period 
-------------
clk    900.0 


  Cost    Critical                  Violating 
 Group   Path Slack       TNS         Paths   
----------------------------------------------
clk        -67042.3   -707114352.4      10560 
default    No paths            0.0            
----------------------------------------------
Total                 -707114352.4      10560 

Instance Count
--------------
Leaf Instance Count             242330 
Physical Instance count              0 
Sequential Instance Count        60672 
Combinational Instance Count    181658 
Hierarchical Instance Count          0 

Area
----
Cell Area                          372211.960
Physical Cell Area                 0.000
Total Cell Area (Cell+Physical)    372211.960
Net Area                           11382.053
Total Area (Cell+Physical+Net)     383594.013

Runtime                            846.297245 seconds
Elapsed Runtime                    2480 seconds
Genus peak memory usage            3448.64 
Innovus peak memory usage          no_value 
Hostname                           ececomp2.ecn.purdue.edu
