============================================================
  Generated by:           Genus(TM) Synthesis Solution 21.17-s066_1
  Generated on:           Jul 30 2025  02:44:16 pm
  Module:                 Top_PipelinedMultiCipher
  Technology libraries:   asap7sc7p5t_AO_LVT_TT_nldm_211120 1.0
                          asap7sc7p5t_INVBUF_LVT_TT_nldm_211120 1.0
                          asap7sc7p5t_OA_LVT_TT_nldm_211120 1.0
                          asap7sc7p5t_SEQ_LVT_TT_nldm_220123 1.0
                          asap7sc7p5t_SIMPLE_LVT_TT_nldm_211120 1.0
                          srambank_64x4x16_6t122 1.0
                          physical_cells 
  Operating conditions:   PVT_0P7V_25C 
  Interconnect mode:      global
  Area mode:              physical library
============================================================

                                                Leakage  
         Gate           Instances     Area    Power (nW)          Library          
-----------------------------------------------------------------------------------
srambank_64x4x16_6t122       1320  328868.813      0.000    srambank_64x4x16_6t122 
-----------------------------------------------------------------------------------
total                        1320  328868.813      0.000                           


                                             Leakage  Leakage 
     Type      Instances    Area    Area % Power (nW) Power % 
--------------------------------------------------------------
timing_model        1320 328868.813  100.0      0.000     0.0 
sequential         59352      0.000    0.0 131928.635    87.1 
inverter              17      0.000    0.0      2.851     0.0 
logic             172216      0.000    0.0  19464.126    12.9 
physical_cells         0      0.000    0.0      0.000     0.0 
--------------------------------------------------------------
total             232905 328868.813  100.0 151395.612   100.0 

