============================================================
  Generated by:           Genus(TM) Synthesis Solution 21.17-s066_1
  Generated on:           Jul 30 2025  02:43:53 pm
  Module:                 Top_PipelinedMultiCipher
  Technology libraries:   asap7sc7p5t_AO_LVT_TT_nldm_211120 1.0
                          asap7sc7p5t_INVBUF_LVT_TT_nldm_211120 1.0
                          asap7sc7p5t_OA_LVT_TT_nldm_211120 1.0
                          asap7sc7p5t_SEQ_LVT_TT_nldm_220123 1.0
                          asap7sc7p5t_SIMPLE_LVT_TT_nldm_211120 1.0
                          srambank_64x4x16_6t122 1.0
                          physical_cells 
  Operating conditions:   PVT_0P7V_25C 
  Interconnect mode:      global
  Area mode:              physical library
============================================================

Timing
--------

Clock Period 
-------------
clk    900.0 


  Cost    Critical                  Violating 
 Group   Path Slack       TNS         Paths   
----------------------------------------------
clk        -66840.8   -705838848.0      10560 
default    No paths            0.0            
----------------------------------------------
Total                 -705838848.0      10560 

Instance Count
--------------
Leaf Instance Count             232905 
Physical Instance count              0 
Sequential Instance Count        60672 
Combinational Instance Count    172233 
Hierarchical Instance Count          0 

Area
----
Cell Area                          360493.352
Physical Cell Area                 0.000
Total Cell Area (Cell+Physical)    360493.352
Net Area                           341.684
Total Area (Cell+Physical+Net)     360835.036

Runtime                            337.188202 seconds
Elapsed Runtime                    892 seconds
Genus peak memory usage            2688.07 
Innovus peak memory usage          no_value 
Hostname                           ececomp2.ecn.purdue.edu
