============================================================
  Generated by:           Genus(TM) Synthesis Solution 21.17-s066_1
  Generated on:           Jul 30 2025  02:56:13 pm
  Module:                 Top_PipelinedMultiCipher
  Technology libraries:   asap7sc7p5t_AO_LVT_TT_nldm_211120 1.0
                          asap7sc7p5t_INVBUF_LVT_TT_nldm_211120 1.0
                          asap7sc7p5t_OA_LVT_TT_nldm_211120 1.0
                          asap7sc7p5t_SEQ_LVT_TT_nldm_220123 1.0
                          asap7sc7p5t_SIMPLE_LVT_TT_nldm_211120 1.0
                          srambank_64x4x16_6t122 1.0
                          physical_cells 
  Operating conditions:   PVT_0P7V_25C 
  Interconnect mode:      global
  Area mode:              physical library
============================================================

                                                 Leakage   
          Gate           Instances     Area     Power (nW)                  Library                 
----------------------------------------------------------------------------------------------------
AND2x2_ASAP7_75t_L            2805     245.381    4431.368    asap7sc7p5t_SIMPLE_LVT_TT_nldm_211120 
AND2x4_ASAP7_75t_L              88      12.830     256.186    asap7sc7p5t_SIMPLE_LVT_TT_nldm_211120 
AOI21xp5_ASAP7_75t_L          1948     142.009    1310.685    asap7sc7p5t_AO_LVT_TT_nldm_211120     
AOI22xp5_ASAP7_75t_L         47228    4131.505   39174.351    asap7sc7p5t_AO_LVT_TT_nldm_211120     
BUFx10_ASAP7_75t_L             128      26.127     770.211    asap7sc7p5t_INVBUF_LVT_TT_nldm_211120 
BUFx2_ASAP7_75t_L               17       1.239      22.808    asap7sc7p5t_INVBUF_LVT_TT_nldm_211120 
BUFx4f_ASAP7_75t_L              53       6.182     141.218    asap7sc7p5t_INVBUF_LVT_TT_nldm_211120 
CKINVDCx16_ASAP7_75t_L       21120    9237.888  170313.898    asap7sc7p5t_INVBUF_LVT_TT_nldm_211120 
DFFASRHQNx1_ASAP7_75t_L      59352   22499.156  173615.175    asap7sc7p5t_SEQ_LVT_TT_nldm_220123    
INVx1_ASAP7_75t_L            25195    1102.029   12688.576    asap7sc7p5t_INVBUF_LVT_TT_nldm_211120 
INVx2_ASAP7_75t_L             3200     186.624    3222.597    asap7sc7p5t_INVBUF_LVT_TT_nldm_211120 
INVxp33_ASAP7_75t_L            759      33.199     127.853    asap7sc7p5t_INVBUF_LVT_TT_nldm_211120 
NAND2xp5_ASAP7_75t_L          6024     351.320    2801.760    asap7sc7p5t_SIMPLE_LVT_TT_nldm_211120 
NOR2xp33_ASAP7_75t_L          1945     113.432     546.507    asap7sc7p5t_SIMPLE_LVT_TT_nldm_211120 
NOR2xp67_ASAP7_75t_L             1       0.087       0.564    asap7sc7p5t_SIMPLE_LVT_TT_nldm_211120 
OA21x2_ASAP7_75t_L             418      42.661     766.316    asap7sc7p5t_OA_LVT_TT_nldm_211120     
OAI22xp5_ASAP7_75t_L          5267     460.757    4351.802    asap7sc7p5t_OA_LVT_TT_nldm_211120     
XNOR2xp5_ASAP7_75t_L          7438     976.014    9876.373    asap7sc7p5t_SIMPLE_LVT_TT_nldm_211120 
XOR2xp5_ASAP7_75t_L          39284    5154.846   51777.335    asap7sc7p5t_SIMPLE_LVT_TT_nldm_211120 
srambank_64x4x16_6t122        1320  328868.813       0.000    srambank_64x4x16_6t122                
----------------------------------------------------------------------------------------------------
total                       223590  373592.103  476195.581                                          


                                                                         Leakage  Leakage 
               Library                Instances Instances %    Area    Power (nW) Power % 
------------------------------------------------------------------------------------------
asap7sc7p5t_AO_LVT_TT_nldm_211120         49176        22.0   4273.515  40485.036     8.5 
asap7sc7p5t_INVBUF_LVT_TT_nldm_211120     50472        22.6  10593.289 187287.160    39.3 
asap7sc7p5t_OA_LVT_TT_nldm_211120          5685         2.5    503.418   5118.118     1.1 
asap7sc7p5t_SEQ_LVT_TT_nldm_220123        59352        26.5  22499.156 173615.175    36.5 
asap7sc7p5t_SIMPLE_LVT_TT_nldm_211120     57585        25.8   6853.912  69690.093    14.6 
srambank_64x4x16_6t122                     1320         0.6 328868.813      0.000     0.0 

                                             Leakage  Leakage 
     Type      Instances    Area    Area % Power (nW) Power % 
--------------------------------------------------------------
timing_model        1320 328868.813   88.0      0.000     0.0 
sequential         59352  22499.156    6.0 173615.175    36.5 
inverter           50274  10559.740    2.8 186352.923    39.1 
buffer               198     33.549    0.0    934.237     0.2 
logic             112446  11630.845    3.1 115293.246    24.2 
physical_cells         0      0.000    0.0      0.000     0.0 
--------------------------------------------------------------
total             223590 373592.103  100.0 476195.581   100.0 

