============================================================
  Generated by:           Genus(TM) Synthesis Solution 21.17-s066_1
  Generated on:           Jul 30 2025  02:55:49 pm
  Module:                 Top_PipelinedMultiCipher
  Technology libraries:   asap7sc7p5t_AO_LVT_TT_nldm_211120 1.0
                          asap7sc7p5t_INVBUF_LVT_TT_nldm_211120 1.0
                          asap7sc7p5t_OA_LVT_TT_nldm_211120 1.0
                          asap7sc7p5t_SEQ_LVT_TT_nldm_220123 1.0
                          asap7sc7p5t_SIMPLE_LVT_TT_nldm_211120 1.0
                          srambank_64x4x16_6t122 1.0
                          physical_cells 
  Operating conditions:   PVT_0P7V_25C 
  Interconnect mode:      global
  Area mode:              physical library
============================================================

Timing
--------

Clock Period 
-------------
clk    900.0 


  Cost    Critical                  Violating 
 Group   Path Slack       TNS         Paths   
----------------------------------------------
clk        -66842.5   -705737508.8      10560 
default    No paths            0.0            
----------------------------------------------
Total                 -705737508.8      10560 

Instance Count
--------------
Leaf Instance Count             223590 
Physical Instance count              0 
Sequential Instance Count        60672 
Combinational Instance Count    162918 
Hierarchical Instance Count          0 

Area
----
Cell Area                          373592.103
Physical Cell Area                 0.000
Total Cell Area (Cell+Physical)    373592.103
Net Area                           10797.889
Total Area (Cell+Physical+Net)     384389.992

Runtime                            541.297245 seconds
Elapsed Runtime                    1608 seconds
Genus peak memory usage            3455.37 
Innovus peak memory usage          no_value 
Hostname                           ececomp2.ecn.purdue.edu
