============================================================
  Generated by:           Genus(TM) Synthesis Solution 21.17-s066_1
  Generated on:           Jul 29 2025  12:31:35 pm
  Module:                 Top_PipelinedMultiCipher
  Technology libraries:   asap7sc7p5t_AO_LVT_TT_nldm_211120 1.0
                          asap7sc7p5t_INVBUF_LVT_TT_nldm_211120 1.0
                          asap7sc7p5t_OA_LVT_TT_nldm_211120 1.0
                          asap7sc7p5t_SEQ_LVT_TT_nldm_220123 1.0
                          asap7sc7p5t_SIMPLE_LVT_TT_nldm_211120 1.0
                          physical_cells 
  Operating conditions:   PVT_0P7V_25C 
  Interconnect mode:      global
  Area mode:              physical library
============================================================

Timing
--------

Clock Period 
-------------
clk    900.0 


  Cost    Critical         Violating 
 Group   Path Slack  TNS     Paths   
-------------------------------------
clk           260.7   0.0          0 
default    No paths   0.0            
-------------------------------------
Total                 0.0          0 

Instance Count
--------------
Leaf Instance Count             646826 
Physical Instance count              0 
Sequential Instance Count        47792 
Combinational Instance Count    599034 
Hierarchical Instance Count          0 

Area
----
Cell Area                          67139.471
Physical Cell Area                 0.000
Total Cell Area (Cell+Physical)    67139.471
Net Area                           37744.481
Total Area (Cell+Physical+Net)     104883.952

Runtime                            5956.599079 seconds
Elapsed Runtime                    7758 seconds
Genus peak memory usage            7921.67 
Innovus peak memory usage          no_value 
Hostname                           ececomp2.ecn.purdue.edu
