============================================================
  Generated by:           Genus(TM) Synthesis Solution 21.17-s066_1
  Generated on:           Jul 29 2025  12:33:08 pm
  Module:                 Top_PipelinedMultiCipher
  Technology libraries:   asap7sc7p5t_AO_LVT_TT_nldm_211120 1.0
                          asap7sc7p5t_INVBUF_LVT_TT_nldm_211120 1.0
                          asap7sc7p5t_OA_LVT_TT_nldm_211120 1.0
                          asap7sc7p5t_SEQ_LVT_TT_nldm_220123 1.0
                          asap7sc7p5t_SIMPLE_LVT_TT_nldm_211120 1.0
                          physical_cells 
  Operating conditions:   PVT_0P7V_25C 
  Interconnect mode:      global
  Area mode:              physical library
============================================================

                                                  Leakage   
           Gate            Instances    Area     Power (nW)                  Library                 
-----------------------------------------------------------------------------------------------------
A2O1A1Ixp33_ASAP7_75t_L        11243    983.538    7624.056    asap7sc7p5t_AO_LVT_TT_nldm_211120     
A2O1A1O1Ixp25_ASAP7_75t_L       2077    272.544    1665.566    asap7sc7p5t_AO_LVT_TT_nldm_211120     
AND2x2_ASAP7_75t_L              9474    828.786   14156.156    asap7sc7p5t_SIMPLE_LVT_TT_nldm_211120 
AND2x4_ASAP7_75t_L                79     11.518     229.985    asap7sc7p5t_SIMPLE_LVT_TT_nldm_211120 
AND2x6_ASAP7_75t_L                 2      0.350       7.800    asap7sc7p5t_SIMPLE_LVT_TT_nldm_211120 
AND3x1_ASAP7_75t_L               825     72.171    1190.086    asap7sc7p5t_SIMPLE_LVT_TT_nldm_211120 
AND4x1_ASAP7_75t_L               495     50.520     840.119    asap7sc7p5t_SIMPLE_LVT_TT_nldm_211120 
AND5x1_ASAP7_75t_L               381     44.440     613.986    asap7sc7p5t_SIMPLE_LVT_TT_nldm_211120 
AO211x2_ASAP7_75t_L                4      0.933       7.491    asap7sc7p5t_AO_LVT_TT_nldm_211120     
AO21x1_ASAP7_75t_L              8842    773.498    9594.843    asap7sc7p5t_AO_LVT_TT_nldm_211120     
AO221x1_ASAP7_75t_L             2382    347.296    2889.213    asap7sc7p5t_AO_LVT_TT_nldm_211120     
AO222x2_ASAP7_75t_L              610    106.726    1243.899    asap7sc7p5t_AO_LVT_TT_nldm_211120     
AO22x1_ASAP7_75t_L              1930    253.255    1988.037    asap7sc7p5t_AO_LVT_TT_nldm_211120     
AO31x2_ASAP7_75t_L                 1      0.233       2.547    asap7sc7p5t_AO_LVT_TT_nldm_211120     
AO322x2_ASAP7_75t_L               50     10.935      92.548    asap7sc7p5t_AO_LVT_TT_nldm_211120     
AO32x1_ASAP7_75t_L              1163    135.652    1346.194    asap7sc7p5t_AO_LVT_TT_nldm_211120     
AO331x1_ASAP7_75t_L              271     39.512     398.929    asap7sc7p5t_AO_LVT_TT_nldm_211120     
AO332x1_ASAP7_75t_L              162     25.982     257.638    asap7sc7p5t_AO_LVT_TT_nldm_211120     
AO333x1_ASAP7_75t_L                7      1.225      11.305    asap7sc7p5t_AO_LVT_TT_nldm_211120     
AO33x2_ASAP7_75t_L                64      9.331     115.304    asap7sc7p5t_AO_LVT_TT_nldm_211120     
AOI211xp5_ASAP7_75t_L           9786    856.079    6738.526    asap7sc7p5t_AO_LVT_TT_nldm_211120     
AOI21xp33_ASAP7_75t_L           4382    319.448    1776.867    asap7sc7p5t_AO_LVT_TT_nldm_211120     
AOI21xp5_ASAP7_75t_L           12420    905.418    7327.545    asap7sc7p5t_AO_LVT_TT_nldm_211120     
AOI221xp5_ASAP7_75t_L          16085   1641.635   11830.335    asap7sc7p5t_AO_LVT_TT_nldm_211120     
AOI222xp33_ASAP7_75t_L          1742    253.984    1368.940    asap7sc7p5t_AO_LVT_TT_nldm_211120     
AOI22xp33_ASAP7_75t_L           2097    183.446    1110.898    asap7sc7p5t_AO_LVT_TT_nldm_211120     
AOI22xp5_ASAP7_75t_L           55468   4852.341   45672.718    asap7sc7p5t_AO_LVT_TT_nldm_211120     
AOI311xp33_ASAP7_75t_L          1210    123.493    1020.025    asap7sc7p5t_AO_LVT_TT_nldm_211120     
AOI31xp33_ASAP7_75t_L           3288    287.634    1730.834    asap7sc7p5t_AO_LVT_TT_nldm_211120     
AOI321xp33_ASAP7_75t_L          3324    387.711    2778.080    asap7sc7p5t_AO_LVT_TT_nldm_211120     
AOI322xp5_ASAP7_75t_L           2115    277.530    1888.051    asap7sc7p5t_AO_LVT_TT_nldm_211120     
AOI32xp33_ASAP7_75t_L           2817    287.503    1766.527    asap7sc7p5t_AO_LVT_TT_nldm_211120     
AOI331xp33_ASAP7_75t_L           334     43.827     340.857    asap7sc7p5t_AO_LVT_TT_nldm_211120     
AOI332xp33_ASAP7_75t_L           289     42.136     315.991    asap7sc7p5t_AO_LVT_TT_nldm_211120     
AOI333xp33_ASAP7_75t_L            57      9.142      65.478    asap7sc7p5t_AO_LVT_TT_nldm_211120     
AOI33xp33_ASAP7_75t_L            391     45.606     294.581    asap7sc7p5t_AO_LVT_TT_nldm_211120     
BUFx10_ASAP7_75t_L                61     12.451     365.365    asap7sc7p5t_INVBUF_LVT_TT_nldm_211120 
BUFx12f_ASAP7_75t_L              667    175.047    5365.285    asap7sc7p5t_INVBUF_LVT_TT_nldm_211120 
BUFx16f_ASAP7_75t_L               17      5.453     170.849    asap7sc7p5t_INVBUF_LVT_TT_nldm_211120 
BUFx24_ASAP7_75t_L                 1      0.437      13.914    asap7sc7p5t_INVBUF_LVT_TT_nldm_211120 
BUFx2_ASAP7_75t_L                215     15.674     287.004    asap7sc7p5t_INVBUF_LVT_TT_nldm_211120 
BUFx3_ASAP7_75t_L                329     28.781     659.594    asap7sc7p5t_INVBUF_LVT_TT_nldm_211120 
BUFx4f_ASAP7_75t_L                51      5.949     136.245    asap7sc7p5t_INVBUF_LVT_TT_nldm_211120 
BUFx6f_ASAP7_75t_L              1376    200.621    5542.644    asap7sc7p5t_INVBUF_LVT_TT_nldm_211120 
DFFASRHQNx1_ASAP7_75t_L        47792  18116.991  139624.810    asap7sc7p5t_SEQ_LVT_TT_nldm_220123    
FAx1_ASAP7_75t_L                5975   1219.617   12117.188    asap7sc7p5t_SIMPLE_LVT_TT_nldm_211120 
HAxp5_ASAP7_75t_L                120     15.746     160.625    asap7sc7p5t_SIMPLE_LVT_TT_nldm_211120 
HB1xp67_ASAP7_75t_L              158      9.215      79.208    asap7sc7p5t_INVBUF_LVT_TT_nldm_211120 
INVx11_ASAP7_75t_L                 9      1.706      49.615    asap7sc7p5t_INVBUF_LVT_TT_nldm_211120 
INVx1_ASAP7_75t_L              87367   3821.433   43876.757    asap7sc7p5t_INVBUF_LVT_TT_nldm_211120 
INVx2_ASAP7_75t_L                262     15.280     265.871    asap7sc7p5t_INVBUF_LVT_TT_nldm_211120 
INVx3_ASAP7_75t_L                 70      5.103     105.700    asap7sc7p5t_INVBUF_LVT_TT_nldm_211120 
INVx4_ASAP7_75t_L                294     25.719     598.010    asap7sc7p5t_INVBUF_LVT_TT_nldm_211120 
INVx5_ASAP7_75t_L                 13      1.327      32.831    asap7sc7p5t_INVBUF_LVT_TT_nldm_211120 
INVx6_ASAP7_75t_L                 57      6.648     171.691    asap7sc7p5t_INVBUF_LVT_TT_nldm_211120 
INVx8_ASAP7_75t_L                 25      3.645     100.686    asap7sc7p5t_INVBUF_LVT_TT_nldm_211120 
INVxp33_ASAP7_75t_L               24      1.050       3.998    asap7sc7p5t_INVBUF_LVT_TT_nldm_211120 
NAND2xp33_ASAP7_75t_L            152      8.865      46.681    asap7sc7p5t_SIMPLE_LVT_TT_nldm_211120 
NAND2xp5_ASAP7_75t_L          120294   7015.546   57443.292    asap7sc7p5t_SIMPLE_LVT_TT_nldm_211120 
NAND3xp33_ASAP7_75t_L           2095    152.726    1079.403    asap7sc7p5t_SIMPLE_LVT_TT_nldm_211120 
NAND4xp25_ASAP7_75t_L            942     82.406     731.322    asap7sc7p5t_SIMPLE_LVT_TT_nldm_211120 
NAND5xp2_ASAP7_75t_L            1454    148.395    1489.339    asap7sc7p5t_SIMPLE_LVT_TT_nldm_211120 
NOR2x1_ASAP7_75t_L               292     25.544     247.865    asap7sc7p5t_SIMPLE_LVT_TT_nldm_211120 
NOR2xp33_ASAP7_75t_L           39600   2309.472   10242.472    asap7sc7p5t_SIMPLE_LVT_TT_nldm_211120 
NOR3xp33_ASAP7_75t_L            2016    146.966    1270.732    asap7sc7p5t_SIMPLE_LVT_TT_nldm_211120 
NOR4xp25_ASAP7_75t_L            1490    130.345    1472.781    asap7sc7p5t_SIMPLE_LVT_TT_nldm_211120 
NOR5xp2_ASAP7_75t_L             2106    214.938    2805.808    asap7sc7p5t_SIMPLE_LVT_TT_nldm_211120 
O2A1O1Ixp33_ASAP7_75t_L        12481   1091.838    7345.376    asap7sc7p5t_OA_LVT_TT_nldm_211120     
OA211x2_ASAP7_75t_L             5921    690.625    9213.689    asap7sc7p5t_OA_LVT_TT_nldm_211120     
OA21x2_ASAP7_75t_L              6285    641.447   11175.368    asap7sc7p5t_OA_LVT_TT_nldm_211120     
OA221x2_ASAP7_75t_L              245     57.154     496.847    asap7sc7p5t_OA_LVT_TT_nldm_211120     
OA222x2_ASAP7_75t_L             3258    570.020    6305.084    asap7sc7p5t_OA_LVT_TT_nldm_211120     
OA22x2_ASAP7_75t_L              3490    508.842    5866.891    asap7sc7p5t_OA_LVT_TT_nldm_211120     
OA31x2_ASAP7_75t_L                 3      0.656       5.572    asap7sc7p5t_OA_LVT_TT_nldm_211120     
OA331x1_ASAP7_75t_L              424     61.819     624.802    asap7sc7p5t_OA_LVT_TT_nldm_211120     
OA332x1_ASAP7_75t_L             1403    225.013    1881.651    asap7sc7p5t_OA_LVT_TT_nldm_211120     
OA333x1_ASAP7_75t_L              151     26.419     196.570    asap7sc7p5t_OA_LVT_TT_nldm_211120     
OA33x2_ASAP7_75t_L               487     71.005     856.859    asap7sc7p5t_OA_LVT_TT_nldm_211120     
OAI211xp5_ASAP7_75t_L           8697    760.814    5993.340    asap7sc7p5t_OA_LVT_TT_nldm_211120     
OAI21xp33_ASAP7_75t_L            527     38.418     247.836    asap7sc7p5t_OA_LVT_TT_nldm_211120     
OAI21xp5_ASAP7_75t_L           13020    949.158    9642.303    asap7sc7p5t_OA_LVT_TT_nldm_211120     
OAI221xp5_ASAP7_75t_L          24001   2449.542   17298.877    asap7sc7p5t_OA_LVT_TT_nldm_211120     
OAI222xp33_ASAP7_75t_L          4104    598.363    3703.557    asap7sc7p5t_OA_LVT_TT_nldm_211120     
OAI22xp33_ASAP7_75t_L            160     13.997      71.888    asap7sc7p5t_OA_LVT_TT_nldm_211120     
OAI22xp5_ASAP7_75t_L           18055   1579.451   12398.405    asap7sc7p5t_OA_LVT_TT_nldm_211120     
OAI311xp33_ASAP7_75t_L           900     91.854     727.577    asap7sc7p5t_OA_LVT_TT_nldm_211120     
OAI31xp33_ASAP7_75t_L           1997    174.698    1143.560    asap7sc7p5t_OA_LVT_TT_nldm_211120     
OAI321xp33_ASAP7_75t_L          4277    498.869    3441.967    asap7sc7p5t_OA_LVT_TT_nldm_211120     
OAI322xp33_ASAP7_75t_L          3903    512.152    2823.709    asap7sc7p5t_OA_LVT_TT_nldm_211120     
OAI32xp33_ASAP7_75t_L           4574    466.822    2359.253    asap7sc7p5t_OA_LVT_TT_nldm_211120     
OAI331xp33_ASAP7_75t_L           529     69.415     537.023    asap7sc7p5t_OA_LVT_TT_nldm_211120     
OAI332xp33_ASAP7_75t_L           838    122.180     695.311    asap7sc7p5t_OA_LVT_TT_nldm_211120     
OAI333xp33_ASAP7_75t_L           112     17.963      91.664    asap7sc7p5t_OA_LVT_TT_nldm_211120     
OAI33xp33_ASAP7_75t_L            883    102.993     616.161    asap7sc7p5t_OA_LVT_TT_nldm_211120     
OR2x2_ASAP7_75t_L              17994   1574.115   25627.548    asap7sc7p5t_SIMPLE_LVT_TT_nldm_211120 
OR3x1_ASAP7_75t_L               1259    110.137    1216.305    asap7sc7p5t_SIMPLE_LVT_TT_nldm_211120 
OR4x1_ASAP7_75t_L                385     39.293     647.122    asap7sc7p5t_SIMPLE_LVT_TT_nldm_211120 
OR5x1_ASAP7_75t_L                855     99.727    1457.410    asap7sc7p5t_SIMPLE_LVT_TT_nldm_211120 
XNOR2xp5_ASAP7_75t_L            5490    720.398    7276.230    asap7sc7p5t_SIMPLE_LVT_TT_nldm_211120 
XOR2xp5_ASAP7_75t_L            28927   3795.801   38151.179    asap7sc7p5t_SIMPLE_LVT_TT_nldm_211120 
-----------------------------------------------------------------------------------------------------
total                         646826  67139.471  596996.481                                          


                                                                        Leakage  Leakage 
               Library                Instances Instances %    Area   Power (nW) Power % 
-----------------------------------------------------------------------------------------
asap7sc7p5t_AO_LVT_TT_nldm_211120        144611        22.4 13477.592 113263.829    19.0 
asap7sc7p5t_INVBUF_LVT_TT_nldm_211120     90996        14.1  4335.538  57825.266     9.7 
asap7sc7p5t_OA_LVT_TT_nldm_211120        120725        18.7 12391.527 105761.140    17.7 
asap7sc7p5t_SEQ_LVT_TT_nldm_220123        47792         7.4 18116.991 139624.810    23.4 
asap7sc7p5t_SIMPLE_LVT_TT_nldm_211120    242702        37.5 18817.823 180521.435    30.2 

                                            Leakage  Leakage 
     Type      Instances    Area   Area % Power (nW) Power % 
-------------------------------------------------------------
sequential         47792 18116.991   27.0 139624.810    23.4 
inverter           88121  3881.910    5.8  45205.159     7.6 
buffer              2875   453.628    0.7  12620.107     2.1 
logic             508038 44686.942   66.6 399546.404    66.9 
physical_cells         0     0.000    0.0      0.000     0.0 
-------------------------------------------------------------
total             646826 67139.471  100.0 596996.481   100.0 

