============================================================
  Generated by:           Genus(TM) Synthesis Solution 21.17-s066_1
  Generated on:           Jul 29 2025  12:04:51 pm
  Module:                 Top_PipelinedMultiCipher
  Technology libraries:   asap7sc7p5t_AO_LVT_TT_nldm_211120 1.0
                          asap7sc7p5t_INVBUF_LVT_TT_nldm_211120 1.0
                          asap7sc7p5t_OA_LVT_TT_nldm_211120 1.0
                          asap7sc7p5t_SEQ_LVT_TT_nldm_220123 1.0
                          asap7sc7p5t_SIMPLE_LVT_TT_nldm_211120 1.0
                          physical_cells 
  Operating conditions:   PVT_0P7V_25C 
  Interconnect mode:      global
  Area mode:              physical library
============================================================

Timing
--------

Clock Period 
-------------
clk    900.0 


  Cost    Critical         Violating 
 Group   Path Slack  TNS     Paths   
-------------------------------------
clk           590.2   0.0          0 
default    No paths   0.0            
-------------------------------------
Total                 0.0          0 

Instance Count
--------------
Leaf Instance Count             573448 
Physical Instance count              0 
Sequential Instance Count        47792 
Combinational Instance Count    525656 
Hierarchical Instance Count          0 

Area
----
Cell Area                          77901.823
Physical Cell Area                 0.000
Total Cell Area (Cell+Physical)    77901.823
Net Area                           32.169
Total Area (Cell+Physical+Net)     77933.992

Runtime                            5207.775546 seconds
Elapsed Runtime                    6153 seconds
Genus peak memory usage            7926.09 
Innovus peak memory usage          no_value 
Hostname                           ececomp2.ecn.purdue.edu
