============================================================
  Generated by:           Genus(TM) Synthesis Solution 21.17-s066_1
  Generated on:           Jul 29 2025  12:25:45 pm
  Module:                 Top_PipelinedMultiCipher
  Technology libraries:   asap7sc7p5t_AO_LVT_TT_nldm_211120 1.0
                          asap7sc7p5t_INVBUF_LVT_TT_nldm_211120 1.0
                          asap7sc7p5t_OA_LVT_TT_nldm_211120 1.0
                          asap7sc7p5t_SEQ_LVT_TT_nldm_220123 1.0
                          asap7sc7p5t_SIMPLE_LVT_TT_nldm_211120 1.0
                          physical_cells 
  Operating conditions:   PVT_0P7V_25C 
  Interconnect mode:      global
  Area mode:              physical library
============================================================

                                                  Leakage   
           Gate            Instances    Area     Power (nW)                  Library                 
-----------------------------------------------------------------------------------------------------
A2O1A1Ixp33_ASAP7_75t_L        11263    985.287    7638.858    asap7sc7p5t_AO_LVT_TT_nldm_211120     
A2O1A1O1Ixp25_ASAP7_75t_L       2066    271.101    1656.163    asap7sc7p5t_AO_LVT_TT_nldm_211120     
AND2x2_ASAP7_75t_L              9037    790.557   13489.104    asap7sc7p5t_SIMPLE_LVT_TT_nldm_211120 
AND2x4_ASAP7_75t_L                86     12.539     250.364    asap7sc7p5t_SIMPLE_LVT_TT_nldm_211120 
AND2x6_ASAP7_75t_L                 2      0.350       7.800    asap7sc7p5t_SIMPLE_LVT_TT_nldm_211120 
AND3x1_ASAP7_75t_L               818     71.559    1181.081    asap7sc7p5t_SIMPLE_LVT_TT_nldm_211120 
AND4x1_ASAP7_75t_L               501     51.132     851.645    asap7sc7p5t_SIMPLE_LVT_TT_nldm_211120 
AND5x1_ASAP7_75t_L               381     44.440     613.985    asap7sc7p5t_SIMPLE_LVT_TT_nldm_211120 
AO21x1_ASAP7_75t_L              8981    785.658    9773.020    asap7sc7p5t_AO_LVT_TT_nldm_211120     
AO221x1_ASAP7_75t_L             2349    342.484    2848.873    asap7sc7p5t_AO_LVT_TT_nldm_211120     
AO222x2_ASAP7_75t_L              603    105.501    1230.026    asap7sc7p5t_AO_LVT_TT_nldm_211120     
AO22x1_ASAP7_75t_L              1959    257.060    2016.658    asap7sc7p5t_AO_LVT_TT_nldm_211120     
AO322x2_ASAP7_75t_L               50     10.935      92.537    asap7sc7p5t_AO_LVT_TT_nldm_211120     
AO32x1_ASAP7_75t_L              1166    136.002    1348.961    asap7sc7p5t_AO_LVT_TT_nldm_211120     
AO331x1_ASAP7_75t_L              271     39.512     398.930    asap7sc7p5t_AO_LVT_TT_nldm_211120     
AO332x1_ASAP7_75t_L              162     25.982     257.638    asap7sc7p5t_AO_LVT_TT_nldm_211120     
AO333x1_ASAP7_75t_L                7      1.225      11.305    asap7sc7p5t_AO_LVT_TT_nldm_211120     
AO33x2_ASAP7_75t_L                66      9.623     118.966    asap7sc7p5t_AO_LVT_TT_nldm_211120     
AOI211xp5_ASAP7_75t_L           9773    854.942    6726.698    asap7sc7p5t_AO_LVT_TT_nldm_211120     
AOI21xp33_ASAP7_75t_L           4296    313.178    1735.958    asap7sc7p5t_AO_LVT_TT_nldm_211120     
AOI21xp5_ASAP7_75t_L           12481    909.865    7368.338    asap7sc7p5t_AO_LVT_TT_nldm_211120     
AOI221xp5_ASAP7_75t_L          16046   1637.655   11800.232    asap7sc7p5t_AO_LVT_TT_nldm_211120     
AOI222xp33_ASAP7_75t_L          1719    250.630    1351.370    asap7sc7p5t_AO_LVT_TT_nldm_211120     
AOI22xp33_ASAP7_75t_L           2098    183.533    1111.459    asap7sc7p5t_AO_LVT_TT_nldm_211120     
AOI22xp5_ASAP7_75t_L           55478   4853.215   45681.177    asap7sc7p5t_AO_LVT_TT_nldm_211120     
AOI311xp33_ASAP7_75t_L          1213    123.799    1023.195    asap7sc7p5t_AO_LVT_TT_nldm_211120     
AOI31xp33_ASAP7_75t_L           3306    289.209    1740.378    asap7sc7p5t_AO_LVT_TT_nldm_211120     
AOI321xp33_ASAP7_75t_L          3311    386.195    2767.139    asap7sc7p5t_AO_LVT_TT_nldm_211120     
AOI322xp5_ASAP7_75t_L           2116    277.662    1888.879    asap7sc7p5t_AO_LVT_TT_nldm_211120     
AOI32xp33_ASAP7_75t_L           2825    288.320    1771.474    asap7sc7p5t_AO_LVT_TT_nldm_211120     
AOI331xp33_ASAP7_75t_L           335     43.959     341.387    asap7sc7p5t_AO_LVT_TT_nldm_211120     
AOI332xp33_ASAP7_75t_L           289     42.136     315.990    asap7sc7p5t_AO_LVT_TT_nldm_211120     
AOI333xp33_ASAP7_75t_L            57      9.142      65.478    asap7sc7p5t_AO_LVT_TT_nldm_211120     
AOI33xp33_ASAP7_75t_L            391     45.606     294.583    asap7sc7p5t_AO_LVT_TT_nldm_211120     
BUFx10_ASAP7_75t_L                91     18.575     545.860    asap7sc7p5t_INVBUF_LVT_TT_nldm_211120 
BUFx12_ASAP7_75t_L                30      6.998     210.266    asap7sc7p5t_INVBUF_LVT_TT_nldm_211120 
BUFx12f_ASAP7_75t_L              113     29.656     906.084    asap7sc7p5t_INVBUF_LVT_TT_nldm_211120 
BUFx16f_ASAP7_75t_L               29      9.302     290.452    asap7sc7p5t_INVBUF_LVT_TT_nldm_211120 
BUFx2_ASAP7_75t_L                  8      0.583      10.721    asap7sc7p5t_INVBUF_LVT_TT_nldm_211120 
BUFx3_ASAP7_75t_L                239     20.908     479.673    asap7sc7p5t_INVBUF_LVT_TT_nldm_211120 
BUFx4f_ASAP7_75t_L                 5      0.583      13.347    asap7sc7p5t_INVBUF_LVT_TT_nldm_211120 
BUFx6f_ASAP7_75t_L                15      2.187      60.154    asap7sc7p5t_INVBUF_LVT_TT_nldm_211120 
DFFASRHQNx1_ASAP7_75t_L        47792  18116.991  139624.814    asap7sc7p5t_SEQ_LVT_TT_nldm_220123    
HB1xp67_ASAP7_75t_L              318     18.546     159.529    asap7sc7p5t_INVBUF_LVT_TT_nldm_211120 
INVx13_ASAP7_75t_L                24      5.249     155.272    asap7sc7p5t_INVBUF_LVT_TT_nldm_211120 
INVx1_ASAP7_75t_L             108177   4731.662   54242.311    asap7sc7p5t_INVBUF_LVT_TT_nldm_211120 
INVx2_ASAP7_75t_L                758     44.207     773.478    asap7sc7p5t_INVBUF_LVT_TT_nldm_211120 
INVx3_ASAP7_75t_L                 79      5.759     120.179    asap7sc7p5t_INVBUF_LVT_TT_nldm_211120 
INVx4_ASAP7_75t_L                206     18.021     418.843    asap7sc7p5t_INVBUF_LVT_TT_nldm_211120 
INVx5_ASAP7_75t_L                202     20.616     513.578    asap7sc7p5t_INVBUF_LVT_TT_nldm_211120 
INVx6_ASAP7_75t_L                  2      0.233       6.089    asap7sc7p5t_INVBUF_LVT_TT_nldm_211120 
INVx8_ASAP7_75t_L                  1      0.146       4.025    asap7sc7p5t_INVBUF_LVT_TT_nldm_211120 
INVxp33_ASAP7_75t_L               29      1.268       4.859    asap7sc7p5t_INVBUF_LVT_TT_nldm_211120 
NAND2x1_ASAP7_75t_L              250     21.870     205.793    asap7sc7p5t_SIMPLE_LVT_TT_nldm_211120 
NAND2x1p5_ASAP7_75t_L              1      0.117       1.232    asap7sc7p5t_SIMPLE_LVT_TT_nldm_211120 
NAND2xp33_ASAP7_75t_L            121      7.057      37.506    asap7sc7p5t_SIMPLE_LVT_TT_nldm_211120 
NAND2xp5_ASAP7_75t_L          120748   7042.023   57692.738    asap7sc7p5t_SIMPLE_LVT_TT_nldm_211120 
NAND3xp33_ASAP7_75t_L           2088    152.215    1073.127    asap7sc7p5t_SIMPLE_LVT_TT_nldm_211120 
NAND4xp25_ASAP7_75t_L            951     83.193     739.032    asap7sc7p5t_SIMPLE_LVT_TT_nldm_211120 
NAND5xp2_ASAP7_75t_L            1454    148.395    1489.351    asap7sc7p5t_SIMPLE_LVT_TT_nldm_211120 
NOR2x1_ASAP7_75t_L               421     36.829     354.613    asap7sc7p5t_SIMPLE_LVT_TT_nldm_211120 
NOR2xp33_ASAP7_75t_L           39500   2303.640   10218.310    asap7sc7p5t_SIMPLE_LVT_TT_nldm_211120 
NOR3xp33_ASAP7_75t_L            2017    147.039    1264.857    asap7sc7p5t_SIMPLE_LVT_TT_nldm_211120 
NOR4xp25_ASAP7_75t_L            1495    130.783    1476.831    asap7sc7p5t_SIMPLE_LVT_TT_nldm_211120 
NOR5xp2_ASAP7_75t_L             2106    214.938    2805.804    asap7sc7p5t_SIMPLE_LVT_TT_nldm_211120 
O2A1O1Ixp33_ASAP7_75t_L        12508   1094.200    7365.284    asap7sc7p5t_OA_LVT_TT_nldm_211120     
OA211x2_ASAP7_75t_L             5952    694.241    9262.419    asap7sc7p5t_OA_LVT_TT_nldm_211120     
OA21x2_ASAP7_75t_L              6733    687.170   11978.239    asap7sc7p5t_OA_LVT_TT_nldm_211120     
OA222x2_ASAP7_75t_L             3247    568.095    6283.690    asap7sc7p5t_OA_LVT_TT_nldm_211120     
OA22x2_ASAP7_75t_L              3464    505.051    5824.402    asap7sc7p5t_OA_LVT_TT_nldm_211120     
OA331x1_ASAP7_75t_L              424     61.819     624.801    asap7sc7p5t_OA_LVT_TT_nldm_211120     
OA332x1_ASAP7_75t_L             1403    225.013    1881.652    asap7sc7p5t_OA_LVT_TT_nldm_211120     
OA333x1_ASAP7_75t_L              151     26.419     196.570    asap7sc7p5t_OA_LVT_TT_nldm_211120     
OA33x2_ASAP7_75t_L               487     71.005     856.859    asap7sc7p5t_OA_LVT_TT_nldm_211120     
OAI211xp5_ASAP7_75t_L           8694    760.551    5990.221    asap7sc7p5t_OA_LVT_TT_nldm_211120     
OAI21xp33_ASAP7_75t_L            527     38.418     247.972    asap7sc7p5t_OA_LVT_TT_nldm_211120     
OAI21xp5_ASAP7_75t_L           13122    956.594    9723.625    asap7sc7p5t_OA_LVT_TT_nldm_211120     
OAI221xp5_ASAP7_75t_L          24027   2452.196   17317.149    asap7sc7p5t_OA_LVT_TT_nldm_211120     
OAI222xp33_ASAP7_75t_L          4069    593.260    3673.300    asap7sc7p5t_OA_LVT_TT_nldm_211120     
OAI22xp33_ASAP7_75t_L            162     14.172      73.113    asap7sc7p5t_OA_LVT_TT_nldm_211120     
OAI22xp5_ASAP7_75t_L           18081   1581.726   12419.202    asap7sc7p5t_OA_LVT_TT_nldm_211120     
OAI311xp33_ASAP7_75t_L           912     93.079     738.899    asap7sc7p5t_OA_LVT_TT_nldm_211120     
OAI31xp33_ASAP7_75t_L           2018    176.535    1155.817    asap7sc7p5t_OA_LVT_TT_nldm_211120     
OAI321xp33_ASAP7_75t_L          4277    498.869    3441.860    asap7sc7p5t_OA_LVT_TT_nldm_211120     
OAI322xp33_ASAP7_75t_L          3903    512.152    2823.713    asap7sc7p5t_OA_LVT_TT_nldm_211120     
OAI32xp33_ASAP7_75t_L           4578    467.231    2362.990    asap7sc7p5t_OA_LVT_TT_nldm_211120     
OAI331xp33_ASAP7_75t_L           530     69.547     538.152    asap7sc7p5t_OA_LVT_TT_nldm_211120     
OAI332xp33_ASAP7_75t_L           838    122.180     695.304    asap7sc7p5t_OA_LVT_TT_nldm_211120     
OAI333xp33_ASAP7_75t_L           112     17.963      91.664    asap7sc7p5t_OA_LVT_TT_nldm_211120     
OAI33xp33_ASAP7_75t_L            882    102.876     615.768    asap7sc7p5t_OA_LVT_TT_nldm_211120     
OR2x2_ASAP7_75t_L              18131   1586.100   25814.046    asap7sc7p5t_SIMPLE_LVT_TT_nldm_211120 
OR3x1_ASAP7_75t_L               1257    109.962    1212.310    asap7sc7p5t_SIMPLE_LVT_TT_nldm_211120 
OR4x1_ASAP7_75t_L                385     39.293     647.122    asap7sc7p5t_SIMPLE_LVT_TT_nldm_211120 
OR5x1_ASAP7_75t_L                855     99.727    1457.412    asap7sc7p5t_SIMPLE_LVT_TT_nldm_211120 
XNOR2xp5_ASAP7_75t_L           11463   1504.175   15212.796    asap7sc7p5t_SIMPLE_LVT_TT_nldm_211120 
XOR2xp5_ASAP7_75t_L            34904   4580.103   46035.091    asap7sc7p5t_SIMPLE_LVT_TT_nldm_211120 
-----------------------------------------------------------------------------------------------------
total                         672868  68099.302  602229.823                                          


                                                                        Leakage  Leakage 
               Library                Instances Instances %    Area   Power (nW) Power % 
-----------------------------------------------------------------------------------------
asap7sc7p5t_AO_LVT_TT_nldm_211120        144677        21.5 13479.414 113375.674    18.8 
asap7sc7p5t_INVBUF_LVT_TT_nldm_211120    110326        16.4  4934.499  58914.720     9.8 
asap7sc7p5t_OA_LVT_TT_nldm_211120        121101        18.0 12390.361 106182.665    17.6 
asap7sc7p5t_SEQ_LVT_TT_nldm_220123        47792         7.1 18116.991 139624.814    23.2 
asap7sc7p5t_SIMPLE_LVT_TT_nldm_211120    248972        37.0 19178.036 184131.950    30.6 

                                            Leakage  Leakage 
     Type      Instances    Area   Area % Power (nW) Power % 
-------------------------------------------------------------
sequential         47792 18116.991   26.6 139624.814    23.2 
inverter          109478  4827.161    7.1  56238.634     9.3 
buffer               848   107.338    0.2   2676.086     0.4 
logic             514750 45047.811   66.2 403690.289    67.0 
physical_cells         0     0.000    0.0      0.000     0.0 
-------------------------------------------------------------
total             672868 68099.302  100.0 602229.823   100.0 

