Units
----------------------------------------
LIBRARY                asap7sc7p5t_AO_LVT_TT_nldm_211120
Time_unit              :1ps
Capacitive_load_unit   :1.0fF
Resistance_unit        :1kohm
Voltage_unit           :1V
Current_unit           :1mA
Power_unit             :nW 

LIBRARY                asap7sc7p5t_INVBUF_LVT_TT_nldm_211120
Time_unit              :1ps
Capacitive_load_unit   :1.0fF
Resistance_unit        :1kohm
Voltage_unit           :1V
Current_unit           :1mA
Power_unit             :nW 

LIBRARY                asap7sc7p5t_OA_LVT_TT_nldm_211120
Time_unit              :1ps
Capacitive_load_unit   :1.0fF
Resistance_unit        :1kohm
Voltage_unit           :1V
Current_unit           :1mA
Power_unit             :nW 

LIBRARY                asap7sc7p5t_SEQ_LVT_TT_nldm_220123
Time_unit              :1ps
Capacitive_load_unit   :1.0fF
Resistance_unit        :1kohm
Voltage_unit           :1V
Current_unit           :1mA
Power_unit             :nW 

LIBRARY                asap7sc7p5t_SIMPLE_LVT_TT_nldm_211120
Time_unit              :1ps
Capacitive_load_unit   :1.0fF
Resistance_unit        :1kohm
Voltage_unit           :1V
Current_unit           :1mA
Power_unit             :nW 

LIBRARY                physical_cells
Time_unit              :0ps
Capacitive_load_unit   :0.0fF
Resistance_unit        :
Voltage_unit           :
Current_unit           :
Power_unit             :nW 

