

Working Directory = /home/min/a/aaqdas/Documents/aes_build/aes-128_pipelined_encryption/cadence/synthesis
QoS Summary for Top_PipelinedMultiCipher
================================================================================
Metric                          generic         map             final          
================================================================================
Slack (ps):                       -69             -27              -2
  R2R (ps):                       -69             -27              -2
  I2R (ps):                  no_value        no_value        no_value
  R2O (ps):                  no_value        no_value        no_value
  I2O (ps):                  no_value        no_value        no_value
  CG  (ps):                  no_value        no_value        no_value
TNS (ps):                     -97,520        -168,826          -3,381
  R2R (ps):                   -97,520        -168,826          -3,381
  I2R (ps):                  no_value        no_value        no_value
  R2O (ps):                  no_value        no_value        no_value
  I2O (ps):                  no_value        no_value        no_value
  CG  (ps):                  no_value        no_value        no_value
Failing Paths:                  7,219          10,215           2,525
Cell Area:                     98,902          90,432          91,639
Total Cell Area:               98,902          90,432          91,639
Leaf Instances:               729,725         888,112         855,389
Total Instances:              729,725         888,112         855,389
Utilization (%):                 0.00            0.00            0.00
Tot. Net Length (um):        no_value        no_value        no_value
Avg. Net Length (um):        no_value        no_value        no_value
Route Overflow H (%):        no_value        no_value        no_value
Route Overflow V (%):        no_value        no_value        no_value
MBCI(%) (bits/gate) :            0.00            0.00            0.00
Norm Cong Hotspot Area:
  Max Cong:                  no_value        no_value        no_value
  Tot Cong:                  no_value        no_value        no_value
================================================================================
CPU  Runtime (h:m:s):        05:47:31        02:37:08        01:32:35
Real Runtime (h:m:s):        03:28:37        00:27:08        00:25:35
CPU  Elapsed (h:m:s):        05:48:09        08:25:17        09:58:00
Real Elapsed (h:m:s):        03:28:58        03:56:06        04:21:43
Memory (MB):                  7393.98         7399.21         7409.80
================================================================================
================================================================================
Flow Settings:
================================================================================
Total Runtime (h:m:s): 04:23:37
Total Memory (MB):     7417.80
Executable Version:    21.17-s066_1
================================================================================
Total Cell Area =  Cell Area + Physical Cell Area
Total Instances =  Leaf Instances + Physical Instances


