============================================================
  Generated by:           Genus(TM) Synthesis Solution 21.17-s066_1
  Generated on:           Jul 12 2025  09:43:14 pm
  Module:                 Top_PipelinedMultiCipher
  Technology libraries:   asap7sc7p5t_AO_LVT_TT_nldm_211120 1.0
                          asap7sc7p5t_INVBUF_LVT_TT_nldm_211120 1.0
                          asap7sc7p5t_OA_LVT_TT_nldm_211120 1.0
                          asap7sc7p5t_SEQ_LVT_TT_nldm_220123 1.0
                          asap7sc7p5t_SIMPLE_LVT_TT_nldm_211120 1.0
                          physical_cells 
  Operating conditions:   PVT_0P7V_25C 
  Interconnect mode:      global
  Area mode:              physical library
============================================================

                                                  Leakage   
           Gate            Instances    Area     Power (nW)                  Library                 
-----------------------------------------------------------------------------------------------------
A2O1A1Ixp33_ASAP7_75t_L         7735    676.658    4122.927    asap7sc7p5t_AO_LVT_TT_nldm_211120     
A2O1A1O1Ixp25_ASAP7_75t_L        662     86.868     452.316    asap7sc7p5t_AO_LVT_TT_nldm_211120     
AND2x2_ASAP7_75t_L             33326   2915.358   47890.536    asap7sc7p5t_SIMPLE_LVT_TT_nldm_211120 
AND2x4_ASAP7_75t_L             11503   1677.137   32001.671    asap7sc7p5t_SIMPLE_LVT_TT_nldm_211120 
AND2x6_ASAP7_75t_L               801    140.143    3074.989    asap7sc7p5t_SIMPLE_LVT_TT_nldm_211120 
AND3x1_ASAP7_75t_L              3491    305.393    5304.944    asap7sc7p5t_SIMPLE_LVT_TT_nldm_211120 
AND3x2_ASAP7_75t_L               134     13.676     187.138    asap7sc7p5t_SIMPLE_LVT_TT_nldm_211120 
AND3x4_ASAP7_75t_L                34      6.940     110.794    asap7sc7p5t_SIMPLE_LVT_TT_nldm_211120 
AND4x1_ASAP7_75t_L              2548    260.049    4980.481    asap7sc7p5t_SIMPLE_LVT_TT_nldm_211120 
AND4x2_ASAP7_75t_L                 3      0.350       6.930    asap7sc7p5t_SIMPLE_LVT_TT_nldm_211120 
AND5x1_ASAP7_75t_L              1689    197.005    2760.166    asap7sc7p5t_SIMPLE_LVT_TT_nldm_211120 
AND5x2_ASAP7_75t_L                94     27.410     267.714    asap7sc7p5t_SIMPLE_LVT_TT_nldm_211120 
AO211x2_ASAP7_75t_L              289     67.418     572.736    asap7sc7p5t_AO_LVT_TT_nldm_211120     
AO21x1_ASAP7_75t_L             12274   1073.730   11285.734    asap7sc7p5t_AO_LVT_TT_nldm_211120     
AO21x2_ASAP7_75t_L                15      1.531      23.588    asap7sc7p5t_AO_LVT_TT_nldm_211120     
AO221x1_ASAP7_75t_L              491     71.588     589.268    asap7sc7p5t_AO_LVT_TT_nldm_211120     
AO222x2_ASAP7_75t_L               82     14.347     155.674    asap7sc7p5t_AO_LVT_TT_nldm_211120     
AO22x1_ASAP7_75t_L               966    126.759     870.608    asap7sc7p5t_AO_LVT_TT_nldm_211120     
AO22x2_ASAP7_75t_L                34      4.957      52.748    asap7sc7p5t_AO_LVT_TT_nldm_211120     
AO31x2_ASAP7_75t_L                39      9.098      72.582    asap7sc7p5t_AO_LVT_TT_nldm_211120     
AO322x2_ASAP7_75t_L                6      1.312      10.538    asap7sc7p5t_AO_LVT_TT_nldm_211120     
AO32x1_ASAP7_75t_L               652     76.049     608.392    asap7sc7p5t_AO_LVT_TT_nldm_211120     
AO331x1_ASAP7_75t_L               21      3.062      27.351    asap7sc7p5t_AO_LVT_TT_nldm_211120     
AO332x1_ASAP7_75t_L              118     18.925     143.758    asap7sc7p5t_AO_LVT_TT_nldm_211120     
AO333x1_ASAP7_75t_L                5      0.875       5.323    asap7sc7p5t_AO_LVT_TT_nldm_211120     
AO33x2_ASAP7_75t_L                32      4.666      44.349    asap7sc7p5t_AO_LVT_TT_nldm_211120     
AOI211x1_ASAP7_75t_L            2609    456.471    3385.948    asap7sc7p5t_AO_LVT_TT_nldm_211120     
AOI211xp5_ASAP7_75t_L           9425    824.499    7253.638    asap7sc7p5t_AO_LVT_TT_nldm_211120     
AOI21x1_ASAP7_75t_L              388     45.256     450.362    asap7sc7p5t_AO_LVT_TT_nldm_211120     
AOI21xp33_ASAP7_75t_L           4466    325.571    1240.707    asap7sc7p5t_AO_LVT_TT_nldm_211120     
AOI21xp5_ASAP7_75t_L           15524   1131.700    8570.406    asap7sc7p5t_AO_LVT_TT_nldm_211120     
AOI221x1_ASAP7_75t_L            1280    261.274    1272.367    asap7sc7p5t_AO_LVT_TT_nldm_211120     
AOI221xp5_ASAP7_75t_L           6268    639.712    4519.769    asap7sc7p5t_AO_LVT_TT_nldm_211120     
AOI222xp33_ASAP7_75t_L          1024    149.299     649.948    asap7sc7p5t_AO_LVT_TT_nldm_211120     
AOI22x1_ASAP7_75t_L              191     27.848     230.134    asap7sc7p5t_AO_LVT_TT_nldm_211120     
AOI22xp33_ASAP7_75t_L           2135    186.770    1044.793    asap7sc7p5t_AO_LVT_TT_nldm_211120     
AOI22xp5_ASAP7_75t_L           47028   4114.009   37333.016    asap7sc7p5t_AO_LVT_TT_nldm_211120     
AOI311xp33_ASAP7_75t_L          1245    127.065    1083.078    asap7sc7p5t_AO_LVT_TT_nldm_211120     
AOI31xp33_ASAP7_75t_L           2567    224.561    1062.752    asap7sc7p5t_AO_LVT_TT_nldm_211120     
AOI31xp67_ASAP7_75t_L            224     42.457     189.221    asap7sc7p5t_AO_LVT_TT_nldm_211120     
AOI321xp33_ASAP7_75t_L          1867    217.767    1407.177    asap7sc7p5t_AO_LVT_TT_nldm_211120     
AOI322xp5_ASAP7_75t_L           2293    300.887    1508.166    asap7sc7p5t_AO_LVT_TT_nldm_211120     
AOI32xp33_ASAP7_75t_L           4314    440.287    2035.113    asap7sc7p5t_AO_LVT_TT_nldm_211120     
AOI331xp33_ASAP7_75t_L           109     14.303      89.321    asap7sc7p5t_AO_LVT_TT_nldm_211120     
AOI332xp33_ASAP7_75t_L           417     60.799     330.838    asap7sc7p5t_AO_LVT_TT_nldm_211120     
AOI333xp33_ASAP7_75t_L            38      6.094      23.372    asap7sc7p5t_AO_LVT_TT_nldm_211120     
AOI33xp33_ASAP7_75t_L            357     41.640     180.707    asap7sc7p5t_AO_LVT_TT_nldm_211120     
BUFx10_ASAP7_75t_L               361     73.687    2171.911    asap7sc7p5t_INVBUF_LVT_TT_nldm_211120 
BUFx12_ASAP7_75t_L               118     27.527     827.410    asap7sc7p5t_INVBUF_LVT_TT_nldm_211120 
BUFx12f_ASAP7_75t_L              808    212.052    6490.025    asap7sc7p5t_INVBUF_LVT_TT_nldm_211120 
BUFx16f_ASAP7_75t_L               50     16.038     501.783    asap7sc7p5t_INVBUF_LVT_TT_nldm_211120 
BUFx24_ASAP7_75t_L                10      4.374     139.603    asap7sc7p5t_INVBUF_LVT_TT_nldm_211120 
BUFx2_ASAP7_75t_L               6004    437.692    8082.462    asap7sc7p5t_INVBUF_LVT_TT_nldm_211120 
BUFx3_ASAP7_75t_L               5130    448.772   10342.155    asap7sc7p5t_INVBUF_LVT_TT_nldm_211120 
BUFx4_ASAP7_75t_L                104     10.614     245.079    asap7sc7p5t_INVBUF_LVT_TT_nldm_211120 
BUFx4f_ASAP7_75t_L              2014    234.913    5413.866    asap7sc7p5t_INVBUF_LVT_TT_nldm_211120 
BUFx5_ASAP7_75t_L                 31      3.616      93.420    asap7sc7p5t_INVBUF_LVT_TT_nldm_211120 
BUFx6f_ASAP7_75t_L              8909   1298.932   35816.147    asap7sc7p5t_INVBUF_LVT_TT_nldm_211120 
BUFx8_ASAP7_75t_L                315     55.112    1477.130    asap7sc7p5t_INVBUF_LVT_TT_nldm_211120 
CKINVDCx10_ASAP7_75t_L            21      7.348     106.538    asap7sc7p5t_INVBUF_LVT_TT_nldm_211120 
CKINVDCx14_ASAP7_75t_L            12      4.899      85.526    asap7sc7p5t_INVBUF_LVT_TT_nldm_211120 
CKINVDCx16_ASAP7_75t_L             7      3.062      56.850    asap7sc7p5t_INVBUF_LVT_TT_nldm_211120 
CKINVDCx20_ASAP7_75t_L             3      1.662      30.764    asap7sc7p5t_INVBUF_LVT_TT_nldm_211120 
CKINVDCx5p33_ASAP7_75t_L          65     20.849     177.239    asap7sc7p5t_INVBUF_LVT_TT_nldm_211120 
CKINVDCx6p67_ASAP7_75t_L          63     22.045     213.603    asap7sc7p5t_INVBUF_LVT_TT_nldm_211120 
CKINVDCx8_ASAP7_75t_L              5      1.604      20.174    asap7sc7p5t_INVBUF_LVT_TT_nldm_211120 
CKINVDCx9p33_ASAP7_75t_L          10      4.082      47.433    asap7sc7p5t_INVBUF_LVT_TT_nldm_211120 
DFFASRHQNx1_ASAP7_75t_L        47792  18116.991  139800.603    asap7sc7p5t_SEQ_LVT_TT_nldm_220123    
FAx1_ASAP7_75t_L                4041    824.849    8184.860    asap7sc7p5t_SIMPLE_LVT_TT_nldm_211120 
HAxp5_ASAP7_75t_L                 23      3.018      30.056    asap7sc7p5t_SIMPLE_LVT_TT_nldm_211120 
HB1xp67_ASAP7_75t_L             4499    262.382    2266.674    asap7sc7p5t_INVBUF_LVT_TT_nldm_211120 
HB2xp67_ASAP7_75t_L                8      0.583       3.134    asap7sc7p5t_INVBUF_LVT_TT_nldm_211120 
INVx11_ASAP7_75t_L               161     30.516     895.588    asap7sc7p5t_INVBUF_LVT_TT_nldm_211120 
INVx13_ASAP7_75t_L                38      8.311     249.700    asap7sc7p5t_INVBUF_LVT_TT_nldm_211120 
INVx1_ASAP7_75t_L              79958   3497.363   40239.003    asap7sc7p5t_INVBUF_LVT_TT_nldm_211120 
INVx2_ASAP7_75t_L              29109   1697.637   29429.892    asap7sc7p5t_INVBUF_LVT_TT_nldm_211120 
INVx3_ASAP7_75t_L              11936    870.134   18118.946    asap7sc7p5t_INVBUF_LVT_TT_nldm_211120 
INVx4_ASAP7_75t_L               7171    627.319   14525.664    asap7sc7p5t_INVBUF_LVT_TT_nldm_211120 
INVx5_ASAP7_75t_L               2506    255.762    6345.731    asap7sc7p5t_INVBUF_LVT_TT_nldm_211120 
INVx6_ASAP7_75t_L               1686    196.655    5119.403    asap7sc7p5t_INVBUF_LVT_TT_nldm_211120 
INVx8_ASAP7_75t_L               1010    147.258    4088.344    asap7sc7p5t_INVBUF_LVT_TT_nldm_211120 
INVxp33_ASAP7_75t_L              600     26.244      98.892    asap7sc7p5t_INVBUF_LVT_TT_nldm_211120 
INVxp67_ASAP7_75t_L             1752     76.632     580.172    asap7sc7p5t_INVBUF_LVT_TT_nldm_211120 
NAND2x1_ASAP7_75t_L             8241    720.923    6171.620    asap7sc7p5t_SIMPLE_LVT_TT_nldm_211120 
NAND2x1p5_ASAP7_75t_L           7094    827.444    7846.633    asap7sc7p5t_SIMPLE_LVT_TT_nldm_211120 
NAND2x2_ASAP7_75t_L             1003    146.237    1524.185    asap7sc7p5t_SIMPLE_LVT_TT_nldm_211120 
NAND2xp33_ASAP7_75t_L           2159    125.913     522.292    asap7sc7p5t_SIMPLE_LVT_TT_nldm_211120 
NAND2xp5_ASAP7_75t_L           78594   4583.602   32535.429    asap7sc7p5t_SIMPLE_LVT_TT_nldm_211120 
NAND2xp67_ASAP7_75t_L            257     22.482     156.663    asap7sc7p5t_SIMPLE_LVT_TT_nldm_211120 
NAND3x1_ASAP7_75t_L             3218    516.103    4699.722    asap7sc7p5t_SIMPLE_LVT_TT_nldm_211120 
NAND3x2_ASAP7_75t_L               15      4.374      26.437    asap7sc7p5t_SIMPLE_LVT_TT_nldm_211120 
NAND3xp33_ASAP7_75t_L           7502    546.896    3883.252    asap7sc7p5t_SIMPLE_LVT_TT_nldm_211120 
NAND4xp25_ASAP7_75t_L           2439    213.364    2160.494    asap7sc7p5t_SIMPLE_LVT_TT_nldm_211120 
NAND4xp75_ASAP7_75t_L           2366    482.948    7837.245    asap7sc7p5t_SIMPLE_LVT_TT_nldm_211120 
NAND5xp2_ASAP7_75t_L            1772    180.850    2050.708    asap7sc7p5t_SIMPLE_LVT_TT_nldm_211120 
NOR2x1_ASAP7_75t_L              9610    840.683    7833.667    asap7sc7p5t_SIMPLE_LVT_TT_nldm_211120 
NOR2x1p5_ASAP7_75t_L            2420    282.269    2881.615    asap7sc7p5t_SIMPLE_LVT_TT_nldm_211120 
NOR2x2_ASAP7_75t_L               330     48.114     546.820    asap7sc7p5t_SIMPLE_LVT_TT_nldm_211120 
NOR2xp33_ASAP7_75t_L           21742   1267.993    5403.379    asap7sc7p5t_SIMPLE_LVT_TT_nldm_211120 
NOR2xp67_ASAP7_75t_L            3409    298.219    1720.245    asap7sc7p5t_SIMPLE_LVT_TT_nldm_211120 
NOR3x1_ASAP7_75t_L              4967    796.607    7411.982    asap7sc7p5t_SIMPLE_LVT_TT_nldm_211120 
NOR3x2_ASAP7_75t_L                11      3.208      18.411    asap7sc7p5t_SIMPLE_LVT_TT_nldm_211120 
NOR3xp33_ASAP7_75t_L            9328    680.011    6226.336    asap7sc7p5t_SIMPLE_LVT_TT_nldm_211120 
NOR4xp25_ASAP7_75t_L            3234    282.910    3415.793    asap7sc7p5t_SIMPLE_LVT_TT_nldm_211120 
NOR4xp75_ASAP7_75t_L            3130    638.896   10696.401    asap7sc7p5t_SIMPLE_LVT_TT_nldm_211120 
NOR5xp2_ASAP7_75t_L             2813    287.095    3961.538    asap7sc7p5t_SIMPLE_LVT_TT_nldm_211120 
O2A1O1Ixp33_ASAP7_75t_L        13779   1205.387    5323.949    asap7sc7p5t_OA_LVT_TT_nldm_211120     
O2A1O1Ixp5_ASAP7_75t_L           437     50.972     287.603    asap7sc7p5t_OA_LVT_TT_nldm_211120     
OA211x2_ASAP7_75t_L             8183    954.465   12477.166    asap7sc7p5t_OA_LVT_TT_nldm_211120     
OA21x2_ASAP7_75t_L             12727   1298.918   22468.431    asap7sc7p5t_OA_LVT_TT_nldm_211120     
OA221x2_ASAP7_75t_L              980    228.614    1811.998    asap7sc7p5t_OA_LVT_TT_nldm_211120     
OA222x2_ASAP7_75t_L             5317    930.262    9251.328    asap7sc7p5t_OA_LVT_TT_nldm_211120     
OA22x2_ASAP7_75t_L             12909   1882.132   19917.971    asap7sc7p5t_OA_LVT_TT_nldm_211120     
OA31x2_ASAP7_75t_L                52     11.372      88.354    asap7sc7p5t_OA_LVT_TT_nldm_211120     
OA331x1_ASAP7_75t_L             1113    162.275    1429.717    asap7sc7p5t_OA_LVT_TT_nldm_211120     
OA331x2_ASAP7_75t_L                4      0.642       7.277    asap7sc7p5t_OA_LVT_TT_nldm_211120     
OA332x1_ASAP7_75t_L             3282    526.367    3533.759    asap7sc7p5t_OA_LVT_TT_nldm_211120     
OA332x2_ASAP7_75t_L                3      0.525       4.690    asap7sc7p5t_OA_LVT_TT_nldm_211120     
OA333x1_ASAP7_75t_L              430     75.233     441.618    asap7sc7p5t_OA_LVT_TT_nldm_211120     
OA333x2_ASAP7_75t_L                1      0.190       1.462    asap7sc7p5t_OA_LVT_TT_nldm_211120     
OA33x2_ASAP7_75t_L              1592    232.114    2207.067    asap7sc7p5t_OA_LVT_TT_nldm_211120     
OAI211xp5_ASAP7_75t_L           8308    726.784    6111.211    asap7sc7p5t_OA_LVT_TT_nldm_211120     
OAI21x1_ASAP7_75t_L              524     61.119     732.780    asap7sc7p5t_OA_LVT_TT_nldm_211120     
OAI21xp33_ASAP7_75t_L           1076     78.440     482.117    asap7sc7p5t_OA_LVT_TT_nldm_211120     
OAI21xp5_ASAP7_75t_L           12270    894.483    8361.891    asap7sc7p5t_OA_LVT_TT_nldm_211120     
OAI221xp5_ASAP7_75t_L          16342   1667.865   10389.416    asap7sc7p5t_OA_LVT_TT_nldm_211120     
OAI222xp33_ASAP7_75t_L          5836    850.889    4020.136    asap7sc7p5t_OA_LVT_TT_nldm_211120     
OAI22x1_ASAP7_75t_L              558     81.356     513.816    asap7sc7p5t_OA_LVT_TT_nldm_211120     
OAI22xp33_ASAP7_75t_L           2867    250.805     943.746    asap7sc7p5t_OA_LVT_TT_nldm_211120     
OAI22xp5_ASAP7_75t_L           28671   2508.139   14322.928    asap7sc7p5t_OA_LVT_TT_nldm_211120     
OAI311xp33_ASAP7_75t_L           916     93.487     724.027    asap7sc7p5t_OA_LVT_TT_nldm_211120     
OAI31xp33_ASAP7_75t_L           1702    148.891     808.367    asap7sc7p5t_OA_LVT_TT_nldm_211120     
OAI31xp67_ASAP7_75t_L            277     52.503     195.864    asap7sc7p5t_OA_LVT_TT_nldm_211120     
OAI321xp33_ASAP7_75t_L          4887    570.020    3164.851    asap7sc7p5t_OA_LVT_TT_nldm_211120     
OAI322xp33_ASAP7_75t_L          7978   1046.873    3963.608    asap7sc7p5t_OA_LVT_TT_nldm_211120     
OAI32xp33_ASAP7_75t_L          11319   1155.217    3875.436    asap7sc7p5t_OA_LVT_TT_nldm_211120     
OAI331xp33_ASAP7_75t_L           806    105.763     626.704    asap7sc7p5t_OA_LVT_TT_nldm_211120     
OAI332xp33_ASAP7_75t_L          2538    370.040    1438.320    asap7sc7p5t_OA_LVT_TT_nldm_211120     
OAI333xp33_ASAP7_75t_L           448     71.850     222.950    asap7sc7p5t_OA_LVT_TT_nldm_211120     
OAI33xp33_ASAP7_75t_L           1930    225.115     650.432    asap7sc7p5t_OA_LVT_TT_nldm_211120     
OR2x2_ASAP7_75t_L              55553   4859.776   76406.908    asap7sc7p5t_SIMPLE_LVT_TT_nldm_211120 
OR2x4_ASAP7_75t_L               2670    311.429    6535.638    asap7sc7p5t_SIMPLE_LVT_TT_nldm_211120 
OR2x6_ASAP7_75t_L               9055   1584.263   34701.515    asap7sc7p5t_SIMPLE_LVT_TT_nldm_211120 
OR3x1_ASAP7_75t_L               6362    556.548    5891.041    asap7sc7p5t_SIMPLE_LVT_TT_nldm_211120 
OR3x2_ASAP7_75t_L                224     22.861     295.453    asap7sc7p5t_SIMPLE_LVT_TT_nldm_211120 
OR3x4_ASAP7_75t_L                 36      4.724      86.301    asap7sc7p5t_SIMPLE_LVT_TT_nldm_211120 
OR4x1_ASAP7_75t_L               1420    144.925    2708.812    asap7sc7p5t_SIMPLE_LVT_TT_nldm_211120 
OR4x2_ASAP7_75t_L                  7      0.816      11.598    asap7sc7p5t_SIMPLE_LVT_TT_nldm_211120 
OR5x1_ASAP7_75t_L                757     88.296    1405.657    asap7sc7p5t_SIMPLE_LVT_TT_nldm_211120 
OR5x2_ASAP7_75t_L                  2      0.262       2.962    asap7sc7p5t_SIMPLE_LVT_TT_nldm_211120 
XNOR2x1_ASAP7_75t_L                1      0.175       2.281    asap7sc7p5t_SIMPLE_LVT_TT_nldm_211120 
XNOR2x2_ASAP7_75t_L               28      4.491      65.146    asap7sc7p5t_SIMPLE_LVT_TT_nldm_211120 
XNOR2xp5_ASAP7_75t_L            4010    526.192    5322.250    asap7sc7p5t_SIMPLE_LVT_TT_nldm_211120 
XOR2x2_ASAP7_75t_L               541     86.766    1260.818    asap7sc7p5t_SIMPLE_LVT_TT_nldm_211120 
XOR2xp5_ASAP7_75t_L            31864   4181.194   42009.465    asap7sc7p5t_SIMPLE_LVT_TT_nldm_211120 
-----------------------------------------------------------------------------------------------------
total                         855389  91639.076  968837.567                                          


                                                                        Leakage  Leakage 
               Library                Instances Instances %    Area   Power (nW) Power % 
-----------------------------------------------------------------------------------------
asap7sc7p5t_AO_LVT_TT_nldm_211120        127190        14.9 11876.110  92898.724     9.6 
asap7sc7p5t_INVBUF_LVT_TT_nldm_211120    164474        19.2 10585.678 194300.262    20.1 
asap7sc7p5t_OA_LVT_TT_nldm_211120        170062        19.9 18519.108 140800.990    14.5 
asap7sc7p5t_SEQ_LVT_TT_nldm_220123        47792         5.6 18116.991 139800.603    14.4 
asap7sc7p5t_SIMPLE_LVT_TT_nldm_211120    345871        40.4 32541.189 401036.989    41.4 

                                            Leakage  Leakage 
     Type      Instances    Area   Area % Power (nW) Power % 
-------------------------------------------------------------
sequential         47792 18116.991   19.8 139800.603    14.4 
inverter          136113  7499.383    8.2 120429.463    12.4 
buffer             28361  3086.294    3.4  73870.799     7.6 
logic             643123 62936.407   68.7 634736.703    65.5 
physical_cells         0     0.000    0.0      0.000     0.0 
-------------------------------------------------------------
total             855389 91639.076  100.0 968837.567   100.0 

