============================================================
  Generated by:           Genus(TM) Synthesis Solution 21.17-s066_1
  Generated on:           Jul 12 2025  09:41:20 pm
  Module:                 Top_PipelinedMultiCipher
  Technology libraries:   asap7sc7p5t_AO_LVT_TT_nldm_211120 1.0
                          asap7sc7p5t_INVBUF_LVT_TT_nldm_211120 1.0
                          asap7sc7p5t_OA_LVT_TT_nldm_211120 1.0
                          asap7sc7p5t_SEQ_LVT_TT_nldm_220123 1.0
                          asap7sc7p5t_SIMPLE_LVT_TT_nldm_211120 1.0
                          physical_cells 
  Operating conditions:   PVT_0P7V_25C 
  Interconnect mode:      global
  Area mode:              physical library
============================================================

Timing
--------

Clock Period 
-------------
clk    260.0 


  Cost    Critical             Violating 
 Group   Path Slack    TNS       Paths   
-----------------------------------------
clk            -2.5   -3381.3       2525 
default    No paths       0.0            
-----------------------------------------
Total                 -3381.3       2525 

Instance Count
--------------
Leaf Instance Count             855389 
Physical Instance count              0 
Sequential Instance Count        47792 
Combinational Instance Count    807597 
Hierarchical Instance Count          0 

Area
----
Cell Area                          91639.076
Physical Cell Area                 0.000
Total Cell Area (Cell+Physical)    91639.076
Net Area                           48364.863
Total Area (Cell+Physical+Net)     140003.939

Runtime                            12995.201733 seconds
Elapsed Runtime                    15725 seconds
Genus peak memory usage            7441.80 
Innovus peak memory usage          no_value 
Hostname                           ececomp2.ecn.purdue.edu
