============================================================
  Generated by:           Genus(TM) Synthesis Solution 21.17-s066_1
  Generated on:           Jul 12 2025  08:48:36 pm
  Module:                 Top_PipelinedMultiCipher
  Technology libraries:   asap7sc7p5t_AO_LVT_TT_nldm_211120 1.0
                          asap7sc7p5t_INVBUF_LVT_TT_nldm_211120 1.0
                          asap7sc7p5t_OA_LVT_TT_nldm_211120 1.0
                          asap7sc7p5t_SEQ_LVT_TT_nldm_220123 1.0
                          asap7sc7p5t_SIMPLE_LVT_TT_nldm_211120 1.0
                          physical_cells 
  Operating conditions:   PVT_0P7V_25C 
  Interconnect mode:      global
  Area mode:              physical library
============================================================

Timing
--------

Clock Period 
-------------
clk    260.0 


  Cost    Critical              Violating 
 Group   Path Slack     TNS       Paths   
------------------------------------------
clk           -68.8   -97519.6       7219 
default    No paths        0.0            
------------------------------------------
Total                 -97519.6       7219 

Instance Count
--------------
Leaf Instance Count             729725 
Physical Instance count              0 
Sequential Instance Count        47792 
Combinational Instance Count    681933 
Hierarchical Instance Count          0 

Area
----
Cell Area                          98870.128
Physical Cell Area                 0.000
Total Cell Area (Cell+Physical)    98870.128
Net Area                           32.169
Total Area (Cell+Physical+Net)     98902.297

Runtime                            11456.99346 seconds
Elapsed Runtime                    12558 seconds
Genus peak memory usage            7413.56 
Innovus peak memory usage          no_value 
Hostname                           ececomp2.ecn.purdue.edu
