============================================================
  Generated by:           Genus(TM) Synthesis Solution 21.17-s066_1
  Generated on:           Jul 12 2025  09:18:02 pm
  Module:                 Top_PipelinedMultiCipher
  Technology libraries:   asap7sc7p5t_AO_LVT_TT_nldm_211120 1.0
                          asap7sc7p5t_INVBUF_LVT_TT_nldm_211120 1.0
                          asap7sc7p5t_OA_LVT_TT_nldm_211120 1.0
                          asap7sc7p5t_SEQ_LVT_TT_nldm_220123 1.0
                          asap7sc7p5t_SIMPLE_LVT_TT_nldm_211120 1.0
                          physical_cells 
  Operating conditions:   PVT_0P7V_25C 
  Interconnect mode:      global
  Area mode:              physical library
============================================================

                                                  Leakage   
           Gate            Instances    Area     Power (nW)                  Library                 
-----------------------------------------------------------------------------------------------------
A2O1A1Ixp33_ASAP7_75t_L         8324    728.184    4505.346    asap7sc7p5t_AO_LVT_TT_nldm_211120     
A2O1A1O1Ixp25_ASAP7_75t_L        699     91.723     472.413    asap7sc7p5t_AO_LVT_TT_nldm_211120     
AND2x2_ASAP7_75t_L             31418   2748.447   44585.360    asap7sc7p5t_SIMPLE_LVT_TT_nldm_211120 
AND2x4_ASAP7_75t_L              9824   1432.339   27331.113    asap7sc7p5t_SIMPLE_LVT_TT_nldm_211120 
AND2x6_ASAP7_75t_L              1057    184.933    4039.036    asap7sc7p5t_SIMPLE_LVT_TT_nldm_211120 
AND3x1_ASAP7_75t_L              2434    212.926    3876.185    asap7sc7p5t_SIMPLE_LVT_TT_nldm_211120 
AND3x2_ASAP7_75t_L                39      3.980      53.194    asap7sc7p5t_SIMPLE_LVT_TT_nldm_211120 
AND3x4_ASAP7_75t_L                 4      0.816      11.230    asap7sc7p5t_SIMPLE_LVT_TT_nldm_211120 
AND4x1_ASAP7_75t_L              2779    283.625    5359.698    asap7sc7p5t_SIMPLE_LVT_TT_nldm_211120 
AND4x2_ASAP7_75t_L                 1      0.117       1.229    asap7sc7p5t_SIMPLE_LVT_TT_nldm_211120 
AND5x1_ASAP7_75t_L              3360    391.910    5497.303    asap7sc7p5t_SIMPLE_LVT_TT_nldm_211120 
AND5x2_ASAP7_75t_L                10      2.916      27.311    asap7sc7p5t_SIMPLE_LVT_TT_nldm_211120 
AO211x2_ASAP7_75t_L               16      3.732      31.665    asap7sc7p5t_AO_LVT_TT_nldm_211120     
AO21x1_ASAP7_75t_L             11393    996.660   10327.394    asap7sc7p5t_AO_LVT_TT_nldm_211120     
AO21x2_ASAP7_75t_L                 1      0.102       1.284    asap7sc7p5t_AO_LVT_TT_nldm_211120     
AO221x1_ASAP7_75t_L              416     60.653     496.290    asap7sc7p5t_AO_LVT_TT_nldm_211120     
AO222x2_ASAP7_75t_L               76     13.297     143.403    asap7sc7p5t_AO_LVT_TT_nldm_211120     
AO22x1_ASAP7_75t_L               735     96.447     662.248    asap7sc7p5t_AO_LVT_TT_nldm_211120     
AO22x2_ASAP7_75t_L                 7      1.021      10.663    asap7sc7p5t_AO_LVT_TT_nldm_211120     
AO31x2_ASAP7_75t_L                 6      1.400      10.992    asap7sc7p5t_AO_LVT_TT_nldm_211120     
AO322x2_ASAP7_75t_L                6      1.312      10.139    asap7sc7p5t_AO_LVT_TT_nldm_211120     
AO32x1_ASAP7_75t_L               586     68.351     546.610    asap7sc7p5t_AO_LVT_TT_nldm_211120     
AO331x1_ASAP7_75t_L               23      3.353      30.821    asap7sc7p5t_AO_LVT_TT_nldm_211120     
AO332x1_ASAP7_75t_L              137     21.972     166.419    asap7sc7p5t_AO_LVT_TT_nldm_211120     
AO333x1_ASAP7_75t_L                4      0.700       4.271    asap7sc7p5t_AO_LVT_TT_nldm_211120     
AO33x2_ASAP7_75t_L                24      3.499      33.014    asap7sc7p5t_AO_LVT_TT_nldm_211120     
AOI211x1_ASAP7_75t_L             373     65.260     477.964    asap7sc7p5t_AO_LVT_TT_nldm_211120     
AOI211xp5_ASAP7_75t_L          12170   1064.632    9558.263    asap7sc7p5t_AO_LVT_TT_nldm_211120     
AOI21x1_ASAP7_75t_L               34      3.966      39.896    asap7sc7p5t_AO_LVT_TT_nldm_211120     
AOI21xp33_ASAP7_75t_L           3620    263.898     879.509    asap7sc7p5t_AO_LVT_TT_nldm_211120     
AOI21xp5_ASAP7_75t_L           16121   1175.221    8894.992    asap7sc7p5t_AO_LVT_TT_nldm_211120     
AOI221x1_ASAP7_75t_L             129     26.331     124.687    asap7sc7p5t_AO_LVT_TT_nldm_211120     
AOI221xp5_ASAP7_75t_L           7551    770.655    5457.177    asap7sc7p5t_AO_LVT_TT_nldm_211120     
AOI222xp33_ASAP7_75t_L          1027    149.737     653.783    asap7sc7p5t_AO_LVT_TT_nldm_211120     
AOI22x1_ASAP7_75t_L               61      8.894      66.807    asap7sc7p5t_AO_LVT_TT_nldm_211120     
AOI22xp33_ASAP7_75t_L            286     25.019     136.592    asap7sc7p5t_AO_LVT_TT_nldm_211120     
AOI22xp5_ASAP7_75t_L           48917   4279.259   38750.686    asap7sc7p5t_AO_LVT_TT_nldm_211120     
AOI311xp33_ASAP7_75t_L          1527    155.846    1334.545    asap7sc7p5t_AO_LVT_TT_nldm_211120     
AOI31xp33_ASAP7_75t_L           2715    237.508    1145.174    asap7sc7p5t_AO_LVT_TT_nldm_211120     
AOI31xp67_ASAP7_75t_L             40      7.582      33.353    asap7sc7p5t_AO_LVT_TT_nldm_211120     
AOI321xp33_ASAP7_75t_L          2204    257.075    1664.339    asap7sc7p5t_AO_LVT_TT_nldm_211120     
AOI322xp5_ASAP7_75t_L           2483    325.819    1638.979    asap7sc7p5t_AO_LVT_TT_nldm_211120     
AOI32xp33_ASAP7_75t_L           4557    465.087    2145.384    asap7sc7p5t_AO_LVT_TT_nldm_211120     
AOI331xp33_ASAP7_75t_L           134     17.583     111.812    asap7sc7p5t_AO_LVT_TT_nldm_211120     
AOI332xp33_ASAP7_75t_L           469     68.380     371.639    asap7sc7p5t_AO_LVT_TT_nldm_211120     
AOI333xp33_ASAP7_75t_L            40      6.415      24.603    asap7sc7p5t_AO_LVT_TT_nldm_211120     
AOI33xp33_ASAP7_75t_L            360     41.990     181.909    asap7sc7p5t_AO_LVT_TT_nldm_211120     
BUFx10_ASAP7_75t_L                60     12.247     359.184    asap7sc7p5t_INVBUF_LVT_TT_nldm_211120 
BUFx12_ASAP7_75t_L                94     21.928     659.326    asap7sc7p5t_INVBUF_LVT_TT_nldm_211120 
BUFx12f_ASAP7_75t_L              136     35.692    1089.679    asap7sc7p5t_INVBUF_LVT_TT_nldm_211120 
BUFx16f_ASAP7_75t_L               20      6.415     199.580    asap7sc7p5t_INVBUF_LVT_TT_nldm_211120 
BUFx24_ASAP7_75t_L                17      7.436     237.400    asap7sc7p5t_INVBUF_LVT_TT_nldm_211120 
BUFx2_ASAP7_75t_L              11908    868.093   16035.737    asap7sc7p5t_INVBUF_LVT_TT_nldm_211120 
BUFx3_ASAP7_75t_L              12409   1085.539   24996.227    asap7sc7p5t_INVBUF_LVT_TT_nldm_211120 
BUFx4_ASAP7_75t_L                 27      2.756      63.834    asap7sc7p5t_INVBUF_LVT_TT_nldm_211120 
BUFx4f_ASAP7_75t_L              1439    167.845    3878.002    asap7sc7p5t_INVBUF_LVT_TT_nldm_211120 
BUFx5_ASAP7_75t_L                 11      1.283      32.963    asap7sc7p5t_INVBUF_LVT_TT_nldm_211120 
BUFx6f_ASAP7_75t_L              5688    829.310   22872.514    asap7sc7p5t_INVBUF_LVT_TT_nldm_211120 
BUFx8_ASAP7_75t_L                920    160.963    4303.854    asap7sc7p5t_INVBUF_LVT_TT_nldm_211120 
CKINVDCx14_ASAP7_75t_L             4      1.633      28.513    asap7sc7p5t_INVBUF_LVT_TT_nldm_211120 
CKINVDCx16_ASAP7_75t_L             5      2.187      40.634    asap7sc7p5t_INVBUF_LVT_TT_nldm_211120 
CKINVDCx20_ASAP7_75t_L             4      2.216      41.019    asap7sc7p5t_INVBUF_LVT_TT_nldm_211120 
CKINVDCx5p33_ASAP7_75t_L          12      3.849      32.444    asap7sc7p5t_INVBUF_LVT_TT_nldm_211120 
CKINVDCx6p67_ASAP7_75t_L          13      4.549      44.329    asap7sc7p5t_INVBUF_LVT_TT_nldm_211120 
CKINVDCx9p33_ASAP7_75t_L           6      2.449      28.206    asap7sc7p5t_INVBUF_LVT_TT_nldm_211120 
DFFASRHQNx1_ASAP7_75t_L        47792  18116.991  139801.125    asap7sc7p5t_SEQ_LVT_TT_nldm_220123    
HAxp5_ASAP7_75t_L                  1      0.131       1.265    asap7sc7p5t_SIMPLE_LVT_TT_nldm_211120 
HB1xp67_ASAP7_75t_L             5357    312.420    2704.359    asap7sc7p5t_INVBUF_LVT_TT_nldm_211120 
INVx11_ASAP7_75t_L               120     22.745     667.905    asap7sc7p5t_INVBUF_LVT_TT_nldm_211120 
INVx13_ASAP7_75t_L                14      3.062      92.012    asap7sc7p5t_INVBUF_LVT_TT_nldm_211120 
INVx1_ASAP7_75t_L             113213   4951.937   56878.502    asap7sc7p5t_INVBUF_LVT_TT_nldm_211120 
INVx2_ASAP7_75t_L              46524   2713.280   46982.413    asap7sc7p5t_INVBUF_LVT_TT_nldm_211120 
INVx3_ASAP7_75t_L              11749    856.502   17842.805    asap7sc7p5t_INVBUF_LVT_TT_nldm_211120 
INVx4_ASAP7_75t_L               5806    507.909   11772.294    asap7sc7p5t_INVBUF_LVT_TT_nldm_211120 
INVx5_ASAP7_75t_L               2570    262.294    6526.902    asap7sc7p5t_INVBUF_LVT_TT_nldm_211120 
INVx6_ASAP7_75t_L               1712    199.688    5214.930    asap7sc7p5t_INVBUF_LVT_TT_nldm_211120 
INVx8_ASAP7_75t_L                854    124.513    3468.759    asap7sc7p5t_INVBUF_LVT_TT_nldm_211120 
INVxp33_ASAP7_75t_L                9      0.394       1.520    asap7sc7p5t_INVBUF_LVT_TT_nldm_211120 
INVxp67_ASAP7_75t_L               39      1.706      12.995    asap7sc7p5t_INVBUF_LVT_TT_nldm_211120 
NAND2x1_ASAP7_75t_L             5801    507.471    4121.108    asap7sc7p5t_SIMPLE_LVT_TT_nldm_211120 
NAND2x1p5_ASAP7_75t_L           6667    777.639    7380.132    asap7sc7p5t_SIMPLE_LVT_TT_nldm_211120 
NAND2x2_ASAP7_75t_L             1034    150.757    1576.255    asap7sc7p5t_SIMPLE_LVT_TT_nldm_211120 
NAND2xp33_ASAP7_75t_L            208     12.131      56.755    asap7sc7p5t_SIMPLE_LVT_TT_nldm_211120 
NAND2xp5_ASAP7_75t_L           76198   4443.867   30760.430    asap7sc7p5t_SIMPLE_LVT_TT_nldm_211120 
NAND2xp67_ASAP7_75t_L             57      4.986      34.769    asap7sc7p5t_SIMPLE_LVT_TT_nldm_211120 
NAND3x1_ASAP7_75t_L              125     20.047     173.506    asap7sc7p5t_SIMPLE_LVT_TT_nldm_211120 
NAND3x2_ASAP7_75t_L                1      0.292       1.086    asap7sc7p5t_SIMPLE_LVT_TT_nldm_211120 
NAND3xp33_ASAP7_75t_L           5481    399.565    2652.958    asap7sc7p5t_SIMPLE_LVT_TT_nldm_211120 
NAND4xp25_ASAP7_75t_L           2368    207.153    2127.150    asap7sc7p5t_SIMPLE_LVT_TT_nldm_211120 
NAND4xp75_ASAP7_75t_L            109     22.249     347.441    asap7sc7p5t_SIMPLE_LVT_TT_nldm_211120 
NAND5xp2_ASAP7_75t_L            2961    302.200    3533.675    asap7sc7p5t_SIMPLE_LVT_TT_nldm_211120 
NOR2x1_ASAP7_75t_L              5674    496.362    4013.837    asap7sc7p5t_SIMPLE_LVT_TT_nldm_211120 
NOR2x1p5_ASAP7_75t_L            2100    244.944    2586.343    asap7sc7p5t_SIMPLE_LVT_TT_nldm_211120 
NOR2x2_ASAP7_75t_L               305     44.469     521.274    asap7sc7p5t_SIMPLE_LVT_TT_nldm_211120 
NOR2xp33_ASAP7_75t_L           21641   1262.103    5259.993    asap7sc7p5t_SIMPLE_LVT_TT_nldm_211120 
NOR2xp67_ASAP7_75t_L             899     78.645     379.022    asap7sc7p5t_SIMPLE_LVT_TT_nldm_211120 
NOR3x1_ASAP7_75t_L               276     44.265     415.229    asap7sc7p5t_SIMPLE_LVT_TT_nldm_211120 
NOR3x2_ASAP7_75t_L                 2      0.583       2.333    asap7sc7p5t_SIMPLE_LVT_TT_nldm_211120 
NOR3xp33_ASAP7_75t_L            9531    694.810    6687.820    asap7sc7p5t_SIMPLE_LVT_TT_nldm_211120 
NOR4xp25_ASAP7_75t_L            5182    453.321    5703.973    asap7sc7p5t_SIMPLE_LVT_TT_nldm_211120 
NOR4xp75_ASAP7_75t_L             396     80.832    1336.678    asap7sc7p5t_SIMPLE_LVT_TT_nldm_211120 
NOR5xp2_ASAP7_75t_L             7405    755.754   10053.898    asap7sc7p5t_SIMPLE_LVT_TT_nldm_211120 
O2A1O1Ixp33_ASAP7_75t_L        14552   1273.009    5685.423    asap7sc7p5t_OA_LVT_TT_nldm_211120     
O2A1O1Ixp5_ASAP7_75t_L            83      9.681      61.539    asap7sc7p5t_OA_LVT_TT_nldm_211120     
OA211x2_ASAP7_75t_L             8740   1019.434   13320.052    asap7sc7p5t_OA_LVT_TT_nldm_211120     
OA21x2_ASAP7_75t_L             11459   1169.506   20213.445    asap7sc7p5t_OA_LVT_TT_nldm_211120     
OA221x2_ASAP7_75t_L              173     40.357     321.001    asap7sc7p5t_OA_LVT_TT_nldm_211120     
OA222x2_ASAP7_75t_L             5103    892.821    8892.587    asap7sc7p5t_OA_LVT_TT_nldm_211120     
OA22x2_ASAP7_75t_L             11151   1625.816   17294.485    asap7sc7p5t_OA_LVT_TT_nldm_211120     
OA31x2_ASAP7_75t_L                 2      0.437       3.409    asap7sc7p5t_OA_LVT_TT_nldm_211120     
OA331x1_ASAP7_75t_L             1223    178.313    1568.256    asap7sc7p5t_OA_LVT_TT_nldm_211120     
OA332x1_ASAP7_75t_L             3409    546.735    3671.180    asap7sc7p5t_OA_LVT_TT_nldm_211120     
OA333x1_ASAP7_75t_L              445     77.857     456.362    asap7sc7p5t_OA_LVT_TT_nldm_211120     
OA33x2_ASAP7_75t_L              1308    190.706    1817.198    asap7sc7p5t_OA_LVT_TT_nldm_211120     
OAI211xp5_ASAP7_75t_L          10567    924.401    7849.972    asap7sc7p5t_OA_LVT_TT_nldm_211120     
OAI21x1_ASAP7_75t_L              104     12.131     146.211    asap7sc7p5t_OA_LVT_TT_nldm_211120     
OAI21xp33_ASAP7_75t_L            295     21.506     132.643    asap7sc7p5t_OA_LVT_TT_nldm_211120     
OAI21xp5_ASAP7_75t_L           12068    879.757    8237.291    asap7sc7p5t_OA_LVT_TT_nldm_211120     
OAI221xp5_ASAP7_75t_L          19306   1970.370   12245.478    asap7sc7p5t_OA_LVT_TT_nldm_211120     
OAI222xp33_ASAP7_75t_L          5908    861.386    4068.147    asap7sc7p5t_OA_LVT_TT_nldm_211120     
OAI22x1_ASAP7_75t_L               95     13.851      89.903    asap7sc7p5t_OA_LVT_TT_nldm_211120     
OAI22xp33_ASAP7_75t_L            269     23.532      96.598    asap7sc7p5t_OA_LVT_TT_nldm_211120     
OAI22xp5_ASAP7_75t_L           31276   2736.024   15597.674    asap7sc7p5t_OA_LVT_TT_nldm_211120     
OAI311xp33_ASAP7_75t_L          1284    131.045    1019.453    asap7sc7p5t_OA_LVT_TT_nldm_211120     
OAI31xp33_ASAP7_75t_L           1736    151.865     824.076    asap7sc7p5t_OA_LVT_TT_nldm_211120     
OAI31xp67_ASAP7_75t_L             81     15.353      53.642    asap7sc7p5t_OA_LVT_TT_nldm_211120     
OAI321xp33_ASAP7_75t_L          5990    698.674    3869.319    asap7sc7p5t_OA_LVT_TT_nldm_211120     
OAI322xp33_ASAP7_75t_L          8459   1109.990    4206.265    asap7sc7p5t_OA_LVT_TT_nldm_211120     
OAI32xp33_ASAP7_75t_L          11426   1166.138    3929.060    asap7sc7p5t_OA_LVT_TT_nldm_211120     
OAI331xp33_ASAP7_75t_L          1010    132.532     783.140    asap7sc7p5t_OA_LVT_TT_nldm_211120     
OAI332xp33_ASAP7_75t_L          2806    409.115    1585.639    asap7sc7p5t_OA_LVT_TT_nldm_211120     
OAI333xp33_ASAP7_75t_L           469     75.218     232.850    asap7sc7p5t_OA_LVT_TT_nldm_211120     
OAI33xp33_ASAP7_75t_L           1869    218.000     633.609    asap7sc7p5t_OA_LVT_TT_nldm_211120     
OR2x2_ASAP7_75t_L              51720   4524.466   70624.975    asap7sc7p5t_SIMPLE_LVT_TT_nldm_211120 
OR2x4_ASAP7_75t_L               3270    381.413    7973.685    asap7sc7p5t_SIMPLE_LVT_TT_nldm_211120 
OR2x6_ASAP7_75t_L               7678   1343.343   29624.966    asap7sc7p5t_SIMPLE_LVT_TT_nldm_211120 
OR3x1_ASAP7_75t_L               4665    408.094    4156.963    asap7sc7p5t_SIMPLE_LVT_TT_nldm_211120 
OR3x2_ASAP7_75t_L                129     13.166     162.649    asap7sc7p5t_SIMPLE_LVT_TT_nldm_211120 
OR3x4_ASAP7_75t_L                 25      3.280      60.136    asap7sc7p5t_SIMPLE_LVT_TT_nldm_211120 
OR4x1_ASAP7_75t_L               1085    110.735    1997.623    asap7sc7p5t_SIMPLE_LVT_TT_nldm_211120 
OR4x2_ASAP7_75t_L                  4      0.467       4.711    asap7sc7p5t_SIMPLE_LVT_TT_nldm_211120 
OR5x1_ASAP7_75t_L               1191    138.918    2266.177    asap7sc7p5t_SIMPLE_LVT_TT_nldm_211120 
OR5x2_ASAP7_75t_L                  1      0.131       1.245    asap7sc7p5t_SIMPLE_LVT_TT_nldm_211120 
XNOR2x2_ASAP7_75t_L               34      5.453      79.107    asap7sc7p5t_SIMPLE_LVT_TT_nldm_211120 
XNOR2xp5_ASAP7_75t_L            7999   1049.629   10619.767    asap7sc7p5t_SIMPLE_LVT_TT_nldm_211120 
XOR2x2_ASAP7_75t_L               820    131.512    1911.061    asap7sc7p5t_SIMPLE_LVT_TT_nldm_211120 
XOR2xp5_ASAP7_75t_L            35674   4681.142   47022.266    asap7sc7p5t_SIMPLE_LVT_TT_nldm_211120 
-----------------------------------------------------------------------------------------------------
total                         888112  90432.290  953974.854                                          


                                                                        Leakage  Leakage 
               Library                Instances Instances %    Area   Power (nW) Power % 
-----------------------------------------------------------------------------------------
asap7sc7p5t_AO_LVT_TT_nldm_211120        127271        14.3 11508.563  91145.063     9.6 
asap7sc7p5t_INVBUF_LVT_TT_nldm_211120    220740        24.9 13172.840 227108.841    23.8 
asap7sc7p5t_OA_LVT_TT_nldm_211120        172666        19.4 18575.562 138905.908    14.6 
asap7sc7p5t_SEQ_LVT_TT_nldm_220123        47792         5.4 18116.991 139801.125    14.7 
asap7sc7p5t_SIMPLE_LVT_TT_nldm_211120    319643        36.0 29058.334 357013.918    37.4 

                                            Leakage  Leakage 
     Type      Instances    Area   Area % Power (nW) Power % 
-------------------------------------------------------------
sequential         47792 18116.991   20.0 139801.125    14.7 
inverter          182654  9660.912   10.7 149676.182    15.7 
buffer             38086  3511.928    3.9  77432.659     8.1 
logic             619580 59142.458   65.4 587064.889    61.5 
physical_cells         0     0.000    0.0      0.000     0.0 
-------------------------------------------------------------
total             888112 90432.290  100.0 953974.854   100.0 

