============================================================
  Generated by:           Genus(TM) Synthesis Solution 21.17-s066_1
  Generated on:           Jul 12 2025  04:46:19 pm
  Module:                 Top_PipelinedCipher
  Technology libraries:   asap7sc7p5t_AO_LVT_TT_nldm_211120 1.0
                          asap7sc7p5t_INVBUF_LVT_TT_nldm_211120 1.0
                          asap7sc7p5t_OA_LVT_TT_nldm_211120 1.0
                          asap7sc7p5t_SEQ_LVT_TT_nldm_220123 1.0
                          asap7sc7p5t_SIMPLE_LVT_TT_nldm_211120 1.0
                          physical_cells 
  Operating conditions:   PVT_0P7V_25C 
  Interconnect mode:      global
  Area mode:              physical library
============================================================

Timing
--------

Clock Period 
-------------
clk    260.0 


  Cost    Critical         Violating 
 Group   Path Slack  TNS     Paths   
-------------------------------------
clk             0.0   0.0          0 
default    No paths   0.0            
-------------------------------------
Total                 0.0          0 

Instance Count
--------------
Leaf Instance Count             136997 
Physical Instance count              0 
Sequential Instance Count        10769 
Combinational Instance Count    126228 
Hierarchical Instance Count          0 

Area
----
Cell Area                          15693.664
Physical Cell Area                 0.000
Total Cell Area (Cell+Physical)    15693.664
Net Area                           7763.620
Total Area (Cell+Physical+Net)     23457.284

Runtime                            2367.580996 seconds
Elapsed Runtime                    4563 seconds
Genus peak memory usage            2474.23 
Innovus peak memory usage          no_value 
Hostname                           ececomp2.ecn.purdue.edu
