

Working Directory = /home/min/a/aaqdas/Documents/aes_build/aes-128_pipelined_encryption/cadence/synthesis
QoS Summary for Top_PipelinedCipher
================================================================================
Metric                          generic         map             final          
================================================================================
Slack (ps):                       -40             -16               0
  R2R (ps):                       -40             -16               0
  I2R (ps):                  no_value        no_value        no_value
  R2O (ps):                  no_value        no_value        no_value
  I2O (ps):                  no_value        no_value        no_value
  CG  (ps):                  no_value        no_value        no_value
TNS (ps):                      -3,116         -11,127               0
  R2R (ps):                    -3,116         -11,127               0
  I2R (ps):                  no_value        no_value        no_value
  R2O (ps):                  no_value        no_value        no_value
  I2O (ps):                  no_value        no_value        no_value
  CG  (ps):                  no_value        no_value        no_value
Failing Paths:                    178           1,411               0
Cell Area:                     21,875          15,570          15,694
Total Cell Area:               21,875          15,570          15,694
Leaf Instances:               235,859         140,782         136,997
Total Instances:              235,859         140,782         136,997
Utilization (%):                 0.00            0.00            0.00
Tot. Net Length (um):        no_value        no_value        no_value
Avg. Net Length (um):        no_value        no_value        no_value
Route Overflow H (%):        no_value        no_value        no_value
Route Overflow V (%):        no_value        no_value        no_value
MBCI(%) (bits/gate) :            0.00            0.00            0.00
Norm Cong Hotspot Area:
  Max Cong:                  no_value        no_value        no_value
  Tot Cong:                  no_value        no_value        no_value
================================================================================
CPU  Runtime (h:m:s):        00:56:09        00:27:12        00:14:04
Real Runtime (h:m:s):        00:54:01        00:13:28        00:08:22
CPU  Elapsed (h:m:s):        00:56:20        01:23:30        01:37:34
Real Elapsed (h:m:s):        00:54:07        01:07:34        01:15:56
Memory (MB):                  2462.45         2458.02         2466.23
================================================================================
================================================================================
Flow Settings:
================================================================================
Total Runtime (h:m:s): 01:16:12
Total Memory (MB):     2474.23
Executable Version:    21.17-s066_1
================================================================================
Total Cell Area =  Cell Area + Physical Cell Area
Total Instances =  Leaf Instances + Physical Instances


