============================================================
  Generated by:           Genus(TM) Synthesis Solution 21.17-s066_1
  Generated on:           Jul 12 2025  04:24:50 pm
  Module:                 Top_PipelinedCipher
  Technology libraries:   asap7sc7p5t_AO_LVT_TT_nldm_211120 1.0
                          asap7sc7p5t_INVBUF_LVT_TT_nldm_211120 1.0
                          asap7sc7p5t_OA_LVT_TT_nldm_211120 1.0
                          asap7sc7p5t_SEQ_LVT_TT_nldm_220123 1.0
                          asap7sc7p5t_SIMPLE_LVT_TT_nldm_211120 1.0
                          physical_cells 
  Operating conditions:   PVT_0P7V_25C 
  Interconnect mode:      global
  Area mode:              physical library
============================================================

                                        Leakage  Leakage 
     Type      Instances  Area Area % Power (nW) Power % 
---------------------------------------------------------
sequential         10769 0.000    0.0  23937.516    11.2 
inverter              24 0.000    0.0      4.025     0.0 
logic             225066 0.000    0.0 189916.737    88.8 
physical_cells         0 0.000    0.0      0.000     0.0 
---------------------------------------------------------
total             235859 0.000    0.0 213858.279   100.0 

