============================================================
  Generated by:           Genus(TM) Synthesis Solution 21.17-s066_1
  Generated on:           Jul 12 2025  04:37:57 pm
  Module:                 Top_PipelinedCipher
  Technology libraries:   asap7sc7p5t_AO_LVT_TT_nldm_211120 1.0
                          asap7sc7p5t_INVBUF_LVT_TT_nldm_211120 1.0
                          asap7sc7p5t_OA_LVT_TT_nldm_211120 1.0
                          asap7sc7p5t_SEQ_LVT_TT_nldm_220123 1.0
                          asap7sc7p5t_SIMPLE_LVT_TT_nldm_211120 1.0
                          physical_cells 
  Operating conditions:   PVT_0P7V_25C 
  Interconnect mode:      global
  Area mode:              physical library
============================================================

Timing
--------

Clock Period 
-------------
clk    260.0 


  Cost    Critical              Violating 
 Group   Path Slack     TNS       Paths   
------------------------------------------
clk           -16.3   -11127.4       1411 
default    No paths        0.0            
------------------------------------------
Total                 -11127.4       1411 

Instance Count
--------------
Leaf Instance Count             140782 
Physical Instance count              0 
Sequential Instance Count        10769 
Combinational Instance Count    130013 
Hierarchical Instance Count          0 

Area
----
Cell Area                          15569.895
Physical Cell Area                 0.000
Total Cell Area (Cell+Physical)    15569.895
Net Area                           7876.002
Total Area (Cell+Physical+Net)     23445.897

Runtime                            1995.5809960000001 seconds
Elapsed Runtime                    4060 seconds
Genus peak memory usage            2466.02 
Innovus peak memory usage          no_value 
Hostname                           ececomp2.ecn.purdue.edu
